Archive member included to satisfy reference by file (symbol)

/usr/lib/gcc/arm-none-eabi/11.2.0/../../../../arm-none-eabi/lib/thumb/v7e-m+fp/hard/libc_nano.a(lib_a-atexit.o)
                              /usr/lib/gcc/arm-none-eabi/11.2.0/../../../../arm-none-eabi/lib/thumb/v7e-m+fp/hard/crt0.o (atexit)
/usr/lib/gcc/arm-none-eabi/11.2.0/../../../../arm-none-eabi/lib/thumb/v7e-m+fp/hard/libc_nano.a(lib_a-exit.o)
                              /usr/lib/gcc/arm-none-eabi/11.2.0/../../../../arm-none-eabi/lib/thumb/v7e-m+fp/hard/crt0.o (exit)
/usr/lib/gcc/arm-none-eabi/11.2.0/../../../../arm-none-eabi/lib/thumb/v7e-m+fp/hard/libc_nano.a(lib_a-fini.o)
                              /usr/lib/gcc/arm-none-eabi/11.2.0/../../../../arm-none-eabi/lib/thumb/v7e-m+fp/hard/crt0.o (__libc_fini_array)
/usr/lib/gcc/arm-none-eabi/11.2.0/../../../../arm-none-eabi/lib/thumb/v7e-m+fp/hard/libc_nano.a(lib_a-impure.o)
                              /usr/lib/gcc/arm-none-eabi/11.2.0/../../../../arm-none-eabi/lib/thumb/v7e-m+fp/hard/libc_nano.a(lib_a-exit.o) (_global_impure_ptr)
/usr/lib/gcc/arm-none-eabi/11.2.0/../../../../arm-none-eabi/lib/thumb/v7e-m+fp/hard/libc_nano.a(lib_a-init.o)
                              /usr/lib/gcc/arm-none-eabi/11.2.0/../../../../arm-none-eabi/lib/thumb/v7e-m+fp/hard/crt0.o (__libc_init_array)
/usr/lib/gcc/arm-none-eabi/11.2.0/../../../../arm-none-eabi/lib/thumb/v7e-m+fp/hard/libc_nano.a(lib_a-memset.o)
                              /usr/lib/gcc/arm-none-eabi/11.2.0/../../../../arm-none-eabi/lib/thumb/v7e-m+fp/hard/crt0.o (memset)
/usr/lib/gcc/arm-none-eabi/11.2.0/../../../../arm-none-eabi/lib/thumb/v7e-m+fp/hard/libc_nano.a(lib_a-__atexit.o)
                              /usr/lib/gcc/arm-none-eabi/11.2.0/../../../../arm-none-eabi/lib/thumb/v7e-m+fp/hard/libc_nano.a(lib_a-atexit.o) (__register_exitproc)
/usr/lib/gcc/arm-none-eabi/11.2.0/../../../../arm-none-eabi/lib/thumb/v7e-m+fp/hard/libc_nano.a(lib_a-__call_atexit.o)
                              /usr/lib/gcc/arm-none-eabi/11.2.0/../../../../arm-none-eabi/lib/thumb/v7e-m+fp/hard/libc_nano.a(lib_a-__atexit.o) (__call_exitprocs)
/usr/lib/gcc/arm-none-eabi/11.2.0/../../../../arm-none-eabi/lib/thumb/v7e-m+fp/hard/libc_nano.a(lib_a-lock.o)
                              /usr/lib/gcc/arm-none-eabi/11.2.0/../../../../arm-none-eabi/lib/thumb/v7e-m+fp/hard/libc_nano.a(lib_a-__atexit.o) (__retarget_lock_acquire_recursive)
/usr/lib/gcc/arm-none-eabi/11.2.0/../../../../arm-none-eabi/lib/thumb/v7e-m+fp/hard/libnosys.a(_exit.o)
                              /usr/lib/gcc/arm-none-eabi/11.2.0/../../../../arm-none-eabi/lib/thumb/v7e-m+fp/hard/libc_nano.a(lib_a-exit.o) (_exit)
/usr/lib/gcc/arm-none-eabi/11.2.0/thumb/v7e-m+fp/hard/libgcc.a(_aeabi_uldivmod.o)
                              CMakeFiles/CubeCM.dir/Drivers/STM32F4xx_HAL_Driver/Src/stm32f4xx_hal_uart.c.obj (__aeabi_uldivmod)
/usr/lib/gcc/arm-none-eabi/11.2.0/thumb/v7e-m+fp/hard/libgcc.a(_udivmoddi4.o)
                              /usr/lib/gcc/arm-none-eabi/11.2.0/thumb/v7e-m+fp/hard/libgcc.a(_aeabi_uldivmod.o) (__udivmoddi4)
/usr/lib/gcc/arm-none-eabi/11.2.0/thumb/v7e-m+fp/hard/libgcc.a(_dvmd_tls.o)
                              /usr/lib/gcc/arm-none-eabi/11.2.0/thumb/v7e-m+fp/hard/libgcc.a(_aeabi_uldivmod.o) (__aeabi_ldiv0)

Discarded input sections

 .text          0x0000000000000000        0x0 /usr/lib/gcc/arm-none-eabi/11.2.0/thumb/v7e-m+fp/hard/crti.o
 .data          0x0000000000000000        0x0 /usr/lib/gcc/arm-none-eabi/11.2.0/thumb/v7e-m+fp/hard/crti.o
 .bss           0x0000000000000000        0x0 /usr/lib/gcc/arm-none-eabi/11.2.0/thumb/v7e-m+fp/hard/crti.o
 .text          0x0000000000000000        0x0 /usr/lib/gcc/arm-none-eabi/11.2.0/thumb/v7e-m+fp/hard/crtbegin.o
 .data          0x0000000000000000        0x0 /usr/lib/gcc/arm-none-eabi/11.2.0/thumb/v7e-m+fp/hard/crtbegin.o
 .bss           0x0000000000000000        0x0 /usr/lib/gcc/arm-none-eabi/11.2.0/thumb/v7e-m+fp/hard/crtbegin.o
 .rodata.all_implied_fbits
                0x0000000000000000       0x24 /usr/lib/gcc/arm-none-eabi/11.2.0/thumb/v7e-m+fp/hard/crtbegin.o
 .data.__dso_handle
                0x0000000000000000        0x4 /usr/lib/gcc/arm-none-eabi/11.2.0/thumb/v7e-m+fp/hard/crtbegin.o
 .text          0x0000000000000000       0x70 /usr/lib/gcc/arm-none-eabi/11.2.0/../../../../arm-none-eabi/lib/thumb/v7e-m+fp/hard/crt0.o
 .data          0x0000000000000000        0x0 /usr/lib/gcc/arm-none-eabi/11.2.0/../../../../arm-none-eabi/lib/thumb/v7e-m+fp/hard/crt0.o
 .bss           0x0000000000000000        0x0 /usr/lib/gcc/arm-none-eabi/11.2.0/../../../../arm-none-eabi/lib/thumb/v7e-m+fp/hard/crt0.o
 .ARM.extab     0x0000000000000000        0x0 /usr/lib/gcc/arm-none-eabi/11.2.0/../../../../arm-none-eabi/lib/thumb/v7e-m+fp/hard/crt0.o
 .ARM.exidx     0x0000000000000000       0x10 /usr/lib/gcc/arm-none-eabi/11.2.0/../../../../arm-none-eabi/lib/thumb/v7e-m+fp/hard/crt0.o
 .ARM.attributes
[...]
Memory Configuration

Name             Origin             Length             Attributes
RAM              0x0000000020000000 0x0000000000050000 xrw
FLASH            0x0000000008000000 0x0000000000180000 xr
*default*        0x0000000000000000 0xffffffffffffffff

Linker script and memory map

LOAD /usr/lib/gcc/arm-none-eabi/11.2.0/thumb/v7e-m+fp/hard/crti.o
LOAD /usr/lib/gcc/arm-none-eabi/11.2.0/thumb/v7e-m+fp/hard/crtbegin.o
LOAD /usr/lib/gcc/arm-none-eabi/11.2.0/../../../../arm-none-eabi/lib/thumb/v7e-m+fp/hard/crt0.o
START GROUP
LOAD /usr/lib/gcc/arm-none-eabi/11.2.0/../../../../arm-none-eabi/lib/thumb/v7e-m+fp/hard/libnosys.a
LOAD /usr/lib/gcc/arm-none-eabi/11.2.0/../../../../arm-none-eabi/lib/thumb/v7e-m+fp/hard/libc_nano.a
LOAD /usr/lib/gcc/arm-none-eabi/11.2.0/../../../../arm-none-eabi/lib/thumb/v7e-m+fp/hard/libm.a
END GROUP
LOAD CMakeFiles/CubeCM.dir/startup_stm32f413xx.s.obj
LOAD CMakeFiles/CubeCM.dir/Drivers/STM32F4xx_HAL_Driver/Src/stm32f4xx_hal_tim.c.obj
LOAD CMakeFiles/CubeCM.dir/Drivers/STM32F4xx_HAL_Driver/Src/stm32f4xx_hal_tim_ex.c.obj
LOAD CMakeFiles/CubeCM.dir/Drivers/STM32F4xx_HAL_Driver/Src/stm32f4xx_hal_uart.c.obj
LOAD CMakeFiles/CubeCM.dir/Drivers/STM32F4xx_HAL_Driver/Src/stm32f4xx_hal_rcc.c.obj
LOAD CMakeFiles/CubeCM.dir/Drivers/STM32F4xx_HAL_Driver/Src/stm32f4xx_hal_rcc_ex.c.obj
LOAD CMakeFiles/CubeCM.dir/Drivers/STM32F4xx_HAL_Driver/Src/stm32f4xx_hal_flash.c.obj
LOAD CMakeFiles/CubeCM.dir/Drivers/STM32F4xx_HAL_Driver/Src/stm32f4xx_hal_flash_ex.c.obj
LOAD CMakeFiles/CubeCM.dir/Drivers/STM32F4xx_HAL_Driver/Src/stm32f4xx_hal_flash_ramfunc.c.obj
LOAD CMakeFiles/CubeCM.dir/Drivers/STM32F4xx_HAL_Driver/Src/stm32f4xx_hal_gpio.c.obj
LOAD CMakeFiles/CubeCM.dir/Drivers/STM32F4xx_HAL_Driver/Src/stm32f4xx_hal_dma_ex.c.obj
LOAD CMakeFiles/CubeCM.dir/Drivers/STM32F4xx_HAL_Driver/Src/stm32f4xx_hal_dma.c.obj
LOAD CMakeFiles/CubeCM.dir/Drivers/STM32F4xx_HAL_Driver/Src/stm32f4xx_hal_pwr.c.obj
LOAD CMakeFiles/CubeCM.dir/Drivers/STM32F4xx_HAL_Driver/Src/stm32f4xx_hal_pwr_ex.c.obj
LOAD CMakeFiles/CubeCM.dir/Drivers/STM32F4xx_HAL_Driver/Src/stm32f4xx_hal_cortex.c.obj
LOAD CMakeFiles/CubeCM.dir/Drivers/STM32F4xx_HAL_Driver/Src/stm32f4xx_hal.c.obj
LOAD CMakeFiles/CubeCM.dir/Drivers/STM32F4xx_HAL_Driver/Src/stm32f4xx_hal_exti.c.obj
LOAD CMakeFiles/CubeCM.dir/Drivers/STM32F4xx_HAL_Driver/Src/stm32f4xx_hal_pcd.c.obj
LOAD CMakeFiles/CubeCM.dir/Drivers/STM32F4xx_HAL_Driver/Src/stm32f4xx_hal_pcd_ex.c.obj
LOAD CMakeFiles/CubeCM.dir/Drivers/STM32F4xx_HAL_Driver/Src/stm32f4xx_ll_usb.c.obj
LOAD CMakeFiles/CubeCM.dir/Core/Src/main.c.obj
LOAD CMakeFiles/CubeCM.dir/Core/Src/stm32f4xx_it.c.obj
LOAD CMakeFiles/CubeCM.dir/Core/Src/stm32f4xx_hal_msp.c.obj
LOAD CMakeFiles/CubeCM.dir/Core/Src/system_stm32f4xx.c.obj
LOAD CMakeFiles/CubeCM.dir/src/Main.c.obj
START GROUP
LOAD /usr/lib/gcc/arm-none-eabi/11.2.0/thumb/v7e-m+fp/hard/libgcc.a
LOAD /usr/lib/gcc/arm-none-eabi/11.2.0/../../../../arm-none-eabi/lib/thumb/v7e-m+fp/hard/libg_nano.a
LOAD /usr/lib/gcc/arm-none-eabi/11.2.0/../../../../arm-none-eabi/lib/thumb/v7e-m+fp/hard/libc_nano.a
END GROUP
START GROUP
LOAD /usr/lib/gcc/arm-none-eabi/11.2.0/thumb/v7e-m+fp/hard/libgcc.a
LOAD /usr/lib/gcc/arm-none-eabi/11.2.0/../../../../arm-none-eabi/lib/thumb/v7e-m+fp/hard/libc_nano.a
END GROUP
LOAD /usr/lib/gcc/arm-none-eabi/11.2.0/thumb/v7e-m+fp/hard/crtend.o
LOAD /usr/lib/gcc/arm-none-eabi/11.2.0/thumb/v7e-m+fp/hard/crtn.o
                0x0000000020050000                _estack = 0x20050000
                0x0000000000000200                _Min_Heap_Size = 0x200
                0x0000000000000400                _Min_Stack_Size = 0x400

.isr_vector     0x0000000008000000      0x1d8
                0x0000000008000000                . = ALIGN (0x4)
 *(.isr_vector)
 .isr_vector    0x0000000008000000      0x1d8 CMakeFiles/CubeCM.dir/startup_stm32f413xx.s.obj
                0x0000000008000000                g_pfnVectors
                0x00000000080001d8                . = ALIGN (0x4)

.text           0x00000000080001d8     0x1b94
                0x00000000080001d8                . = ALIGN (0x4)
 *(.text)
 .text          0x00000000080001d8       0x30 /usr/lib/gcc/arm-none-eabi/11.2.0/thumb/v7e-m+fp/hard/libgcc.a(_aeabi_uldivmod.o)
                0x00000000080001d8                __aeabi_uldivmod
 .text          0x0000000008000208        0x4 /usr/lib/gcc/arm-none-eabi/11.2.0/thumb/v7e-m+fp/hard/libgcc.a(_dvmd_tls.o)
                0x0000000008000208                __aeabi_ldiv0
                0x0000000008000208                __aeabi_idiv0
 *(.text*)
 .text.__do_global_dtors_aux
                0x000000000800020c       0x24 /usr/lib/gcc/arm-none-eabi/11.2.0/thumb/v7e-m+fp/hard/crtbegin.o
 .text.frame_dummy
                0x0000000008000230       0x1c /usr/lib/gcc/arm-none-eabi/11.2.0/thumb/v7e-m+fp/hard/crtbegin.o
 .text.__libc_init_array
                0x000000000800024c       0x48 /usr/lib/gcc/arm-none-eabi/11.2.0/../../../../arm-none-eabi/lib/thumb/v7e-m+fp/hard/libc_nano.a(lib_a-init.o)
                0x000000000800024c                __libc_init_array
 .text.memset   0x0000000008000294       0x10 /usr/lib/gcc/arm-none-eabi/11.2.0/../../../../arm-none-eabi/lib/thumb/v7e-m+fp/hard/libc_nano.a(lib_a-memset.o)
                0x0000000008000294                memset
 .text.Reset_Handler
                0x00000000080002a4       0x50 CMakeFiles/CubeCM.dir/startup_stm32f413xx.s.obj
                0x00000000080002a4                Reset_Handler
 .text.Default_Handler
                0x00000000080002f4        0x2 CMakeFiles/CubeCM.dir/startup_stm32f413xx.s.obj
                0x00000000080002f4                RTC_Alarm_IRQHandler
                0x00000000080002f4                EXTI2_IRQHandler
                0x00000000080002f4                TIM8_CC_IRQHandler
                0x00000000080002f4                UART8_IRQHandler
                0x00000000080002f4                FMPI2C1_EV_IRQHandler
                0x00000000080002f4                SPI4_IRQHandler
                0x00000000080002f4                TIM1_CC_IRQHandler
                0x00000000080002f4                DMA2_Stream5_IRQHandler
                0x00000000080002f4                DMA1_Stream5_IRQHandler
                0x00000000080002f4                CAN3_RX1_IRQHandler
                0x00000000080002f4                PVD_IRQHandler
                0x00000000080002f4                SDIO_IRQHandler
                0x00000000080002f4                TAMP_STAMP_IRQHandler
                0x00000000080002f4                CAN2_RX1_IRQHandler
                0x00000000080002f4                EXTI3_IRQHandler
                0x00000000080002f4                TIM8_TRG_COM_TIM14_IRQHandler
                0x00000000080002f4                DFSDM1_FLT1_IRQHandler
                0x00000000080002f4                TIM1_UP_TIM10_IRQHandler
                0x00000000080002f4                TIM8_UP_TIM13_IRQHandler
                0x00000000080002f4                I2C3_ER_IRQHandler
                0x00000000080002f4                EXTI0_IRQHandler
                0x00000000080002f4                I2C2_EV_IRQHandler
                0x00000000080002f4                DMA1_Stream2_IRQHandler
                0x00000000080002f4                CAN1_RX0_IRQHandler
                0x00000000080002f4                FPU_IRQHandler
                0x00000000080002f4                CAN3_SCE_IRQHandler
                0x00000000080002f4                CAN2_SCE_IRQHandler
                0x00000000080002f4                DMA2_Stream2_IRQHandler
                0x00000000080002f4                SPI1_IRQHandler
                0x00000000080002f4                TIM6_DAC_IRQHandler
                0x00000000080002f4                TIM1_BRK_TIM9_IRQHandler
                0x00000000080002f4                CAN2_RX0_IRQHandler
                0x00000000080002f4                DMA2_Stream3_IRQHandler
                0x00000000080002f4                USART6_IRQHandler
                0x00000000080002f4                CAN3_RX0_IRQHandler
                0x00000000080002f4                USART3_IRQHandler
                0x00000000080002f4                DFSDM2_FLT3_IRQHandler
                0x00000000080002f4                CAN1_RX1_IRQHandler
                0x00000000080002f4                UART5_IRQHandler
                0x00000000080002f4                DMA2_Stream0_IRQHandler
                0x00000000080002f4                TIM4_IRQHandler
                0x00000000080002f4                QUADSPI_IRQHandler
                0x00000000080002f4                I2C1_EV_IRQHandler
                0x00000000080002f4                DMA1_Stream6_IRQHandler
                0x00000000080002f4                DMA1_Stream1_IRQHandler
                0x00000000080002f4                UART4_IRQHandler
                0x00000000080002f4                TIM3_IRQHandler
                0x00000000080002f4                RCC_IRQHandler
                0x00000000080002f4                UART9_IRQHandler
                0x00000000080002f4                TIM8_BRK_TIM12_IRQHandler
                0x00000000080002f4                Default_Handler
                0x00000000080002f4                EXTI15_10_IRQHandler
                0x00000000080002f4                ADC_IRQHandler
                0x00000000080002f4                DMA1_Stream7_IRQHandler
                0x00000000080002f4                DFSDM2_FLT0_IRQHandler
                0x00000000080002f4                SPI5_IRQHandler
                0x00000000080002f4                TIM7_IRQHandler
                0x00000000080002f4                CAN2_TX_IRQHandler
                0x00000000080002f4                TIM5_IRQHandler
                0x00000000080002f4                DMA2_Stream7_IRQHandler
                0x00000000080002f4                I2C3_EV_IRQHandler
                0x00000000080002f4                DFSDM2_FLT2_IRQHandler
                0x00000000080002f4                EXTI9_5_IRQHandler
                0x00000000080002f4                RTC_WKUP_IRQHandler
                0x00000000080002f4                SPI2_IRQHandler
                0x00000000080002f4                DMA1_Stream0_IRQHandler
                0x00000000080002f4                CAN1_TX_IRQHandler
                0x00000000080002f4                FMPI2C1_ER_IRQHandler
                0x00000000080002f4                EXTI4_IRQHandler
                0x00000000080002f4                DFSDM2_FLT1_IRQHandler
                0x00000000080002f4                RNG_IRQHandler
                0x00000000080002f4                FSMC_IRQHandler
                0x00000000080002f4                WWDG_IRQHandler
                0x00000000080002f4                CAN3_TX_IRQHandler
                0x00000000080002f4                TIM2_IRQHandler
                0x00000000080002f4                OTG_FS_WKUP_IRQHandler
                0x00000000080002f4                TIM1_TRG_COM_TIM11_IRQHandler
                0x00000000080002f4                EXTI1_IRQHandler
                0x00000000080002f4                UART7_IRQHandler
                0x00000000080002f4                USART2_IRQHandler
                0x00000000080002f4                DFSDM1_FLT0_IRQHandler
                0x00000000080002f4                I2C2_ER_IRQHandler
                0x00000000080002f4                DMA2_Stream1_IRQHandler
                0x00000000080002f4                CAN1_SCE_IRQHandler
                0x00000000080002f4                FLASH_IRQHandler
                0x00000000080002f4                DMA2_Stream4_IRQHandler
                0x00000000080002f4                USART1_IRQHandler
                0x00000000080002f4                OTG_FS_IRQHandler
                0x00000000080002f4                SPI3_IRQHandler
                0x00000000080002f4                DMA1_Stream4_IRQHandler
                0x00000000080002f4                I2C1_ER_IRQHandler
                0x00000000080002f4                LPTIM1_IRQHandler
                0x00000000080002f4                DMA2_Stream6_IRQHandler
                0x00000000080002f4                UART10_IRQHandler
                0x00000000080002f4                SAI1_IRQHandler
                0x00000000080002f4                DMA1_Stream3_IRQHandler
 *fill*         0x00000000080002f6        0x2 
 .text.UART_SetConfig
                0x00000000080002f8      0x120 CMakeFiles/CubeCM.dir/Drivers/STM32F4xx_HAL_Driver/Src/stm32f4xx_hal_uart.c.obj
 .text.HAL_UART_Init
                0x0000000008000418       0x5e CMakeFiles/CubeCM.dir/Drivers/STM32F4xx_HAL_Driver/Src/stm32f4xx_hal_uart.c.obj
                0x0000000008000418                HAL_UART_Init
 *fill*         0x0000000008000476        0x2 
 .text.HAL_RCC_GetSysClockFreq
                0x0000000008000478       0xdc CMakeFiles/CubeCM.dir/Drivers/STM32F4xx_HAL_Driver/Src/stm32f4xx_hal_rcc.c.obj
                0x0000000008000478                HAL_RCC_GetSysClockFreq
 .text.HAL_RCC_ClockConfig
                0x0000000008000554      0x160 CMakeFiles/CubeCM.dir/Drivers/STM32F4xx_HAL_Driver/Src/stm32f4xx_hal_rcc.c.obj
                0x0000000008000554                HAL_RCC_ClockConfig
 .text.HAL_RCC_GetHCLKFreq
                0x00000000080006b4        0xc CMakeFiles/CubeCM.dir/Drivers/STM32F4xx_HAL_Driver/Src/stm32f4xx_hal_rcc.c.obj
                0x00000000080006b4                HAL_RCC_GetHCLKFreq
 .text.HAL_RCC_GetPCLK1Freq
                0x00000000080006c0       0x20 CMakeFiles/CubeCM.dir/Drivers/STM32F4xx_HAL_Driver/Src/stm32f4xx_hal_rcc.c.obj
                0x00000000080006c0                HAL_RCC_GetPCLK1Freq
 .text.HAL_RCC_GetPCLK2Freq
                0x00000000080006e0       0x20 CMakeFiles/CubeCM.dir/Drivers/STM32F4xx_HAL_Driver/Src/stm32f4xx_hal_rcc.c.obj
                0x00000000080006e0                HAL_RCC_GetPCLK2Freq
 .text.HAL_RCCEx_PeriphCLKConfig
                0x0000000008000700      0x3dc CMakeFiles/CubeCM.dir/Drivers/STM32F4xx_HAL_Driver/Src/stm32f4xx_hal_rcc_ex.c.obj
                0x0000000008000700                HAL_RCCEx_PeriphCLKConfig
 .text.HAL_RCC_OscConfig
                0x0000000008000adc      0x410 CMakeFiles/CubeCM.dir/Drivers/STM32F4xx_HAL_Driver/Src/stm32f4xx_hal_rcc_ex.c.obj
                0x0000000008000adc                HAL_RCC_OscConfig
 .text.HAL_GPIO_Init
                0x0000000008000eec      0x1e0 CMakeFiles/CubeCM.dir/Drivers/STM32F4xx_HAL_Driver/Src/stm32f4xx_hal_gpio.c.obj
                0x0000000008000eec                HAL_GPIO_Init
 .text.HAL_GPIO_WritePin
                0x00000000080010cc        0xc CMakeFiles/CubeCM.dir/Drivers/STM32F4xx_HAL_Driver/Src/stm32f4xx_hal_gpio.c.obj
                0x00000000080010cc                HAL_GPIO_WritePin
 .text.HAL_NVIC_SetPriorityGrouping
                0x00000000080010d8       0x24 CMakeFiles/CubeCM.dir/Drivers/STM32F4xx_HAL_Driver/Src/stm32f4xx_hal_cortex.c.obj
                0x00000000080010d8                HAL_NVIC_SetPriorityGrouping
 .text.HAL_NVIC_SetPriority
                0x00000000080010fc       0x70 CMakeFiles/CubeCM.dir/Drivers/STM32F4xx_HAL_Driver/Src/stm32f4xx_hal_cortex.c.obj
                0x00000000080010fc                HAL_NVIC_SetPriority
 .text.HAL_SYSTICK_Config
                0x000000000800116c       0x28 CMakeFiles/CubeCM.dir/Drivers/STM32F4xx_HAL_Driver/Src/stm32f4xx_hal_cortex.c.obj
                0x000000000800116c                HAL_SYSTICK_Config
 .text.HAL_InitTick
                0x0000000008001194       0x4c CMakeFiles/CubeCM.dir/Drivers/STM32F4xx_HAL_Driver/Src/stm32f4xx_hal.c.obj
                0x0000000008001194                HAL_InitTick
 .text.HAL_Init
                0x00000000080011e0       0x34 CMakeFiles/CubeCM.dir/Drivers/STM32F4xx_HAL_Driver/Src/stm32f4xx_hal.c.obj
                0x00000000080011e0                HAL_Init
 .text.HAL_IncTick
                0x0000000008001214       0x18 CMakeFiles/CubeCM.dir/Drivers/STM32F4xx_HAL_Driver/Src/stm32f4xx_hal.c.obj
                0x0000000008001214                HAL_IncTick
 .text.HAL_GetTick
                0x000000000800122c        0xc CMakeFiles/CubeCM.dir/Drivers/STM32F4xx_HAL_Driver/Src/stm32f4xx_hal.c.obj
                0x000000000800122c                HAL_GetTick
 .text.HAL_Delay
                0x0000000008001238       0x28 CMakeFiles/CubeCM.dir/Drivers/STM32F4xx_HAL_Driver/Src/stm32f4xx_hal.c.obj
                0x0000000008001238                HAL_Delay
 .text.HAL_PCD_Init
                0x0000000008001260      0x13c CMakeFiles/CubeCM.dir/Drivers/STM32F4xx_HAL_Driver/Src/stm32f4xx_hal_pcd.c.obj
                0x0000000008001260                HAL_PCD_Init
 .text.HAL_PCDEx_ActivateLPM
                0x000000000800139c       0x26 CMakeFiles/CubeCM.dir/Drivers/STM32F4xx_HAL_Driver/Src/stm32f4xx_hal_pcd_ex.c.obj
                0x000000000800139c                HAL_PCDEx_ActivateLPM
 *fill*         0x00000000080013c2        0x2 
 .text.USB_CoreReset
                0x00000000080013c4       0x4c CMakeFiles/CubeCM.dir/Drivers/STM32F4xx_HAL_Driver/Src/stm32f4xx_ll_usb.c.obj
 .text.USB_CoreInit
                0x0000000008001410       0x8a CMakeFiles/CubeCM.dir/Drivers/STM32F4xx_HAL_Driver/Src/stm32f4xx_ll_usb.c.obj
                0x0000000008001410                USB_CoreInit
 .text.USB_DisableGlobalInt
                0x000000000800149a        0xc CMakeFiles/CubeCM.dir/Drivers/STM32F4xx_HAL_Driver/Src/stm32f4xx_ll_usb.c.obj
                0x000000000800149a                USB_DisableGlobalInt
 *fill*         0x00000000080014a6        0x2 
 .text.USB_FlushTxFifo
                0x00000000080014a8       0x30 CMakeFiles/CubeCM.dir/Drivers/STM32F4xx_HAL_Driver/Src/stm32f4xx_ll_usb.c.obj
                0x00000000080014a8                USB_FlushTxFifo
 .text.USB_FlushRxFifo
                0x00000000080014d8       0x2c CMakeFiles/CubeCM.dir/Drivers/STM32F4xx_HAL_Driver/Src/stm32f4xx_ll_usb.c.obj
                0x00000000080014d8                USB_FlushRxFifo
 .text.USB_SetDevSpeed
                0x0000000008001504        0xe CMakeFiles/CubeCM.dir/Drivers/STM32F4xx_HAL_Driver/Src/stm32f4xx_ll_usb.c.obj
                0x0000000008001504                USB_SetDevSpeed
 *fill*         0x0000000008001512        0x2 
 .text.USB_DevInit
                0x0000000008001514      0x188 CMakeFiles/CubeCM.dir/Drivers/STM32F4xx_HAL_Driver/Src/stm32f4xx_ll_usb.c.obj
                0x0000000008001514                USB_DevInit
 .text.USB_DevDisconnect
                0x000000000800169c       0x1c CMakeFiles/CubeCM.dir/Drivers/STM32F4xx_HAL_Driver/Src/stm32f4xx_ll_usb.c.obj
                0x000000000800169c                USB_DevDisconnect
 .text.USB_GetMode
                0x00000000080016b8        0x8 CMakeFiles/CubeCM.dir/Drivers/STM32F4xx_HAL_Driver/Src/stm32f4xx_ll_usb.c.obj
                0x00000000080016b8                USB_GetMode
 .text.USB_SetCurrentMode
                0x00000000080016c0       0x62 CMakeFiles/CubeCM.dir/Drivers/STM32F4xx_HAL_Driver/Src/stm32f4xx_ll_usb.c.obj
                0x00000000080016c0                USB_SetCurrentMode
 *fill*         0x0000000008001722        0x2 
 .text.MX_GPIO_Init
                0x0000000008001724      0x108 CMakeFiles/CubeCM.dir/Core/Src/main.c.obj
 .text.Error_Handler
                0x000000000800182c        0x4 CMakeFiles/CubeCM.dir/Core/Src/main.c.obj
                0x000000000800182c                Error_Handler
 .text.MX_USART3_UART_Init
                0x0000000008001830       0x34 CMakeFiles/CubeCM.dir/Core/Src/main.c.obj
 .text.MX_USB_OTG_FS_PCD_Init
                0x0000000008001864       0x38 CMakeFiles/CubeCM.dir/Core/Src/main.c.obj
 .text.SystemClock_Config
                0x000000000800189c       0xa8 CMakeFiles/CubeCM.dir/Core/Src/main.c.obj
                0x000000000800189c                SystemClock_Config
 .text.main     0x0000000008001944       0x18 CMakeFiles/CubeCM.dir/Core/Src/main.c.obj
                0x0000000008001944                main
 .text.NMI_Handler
                0x000000000800195c        0x2 CMakeFiles/CubeCM.dir/Core/Src/stm32f4xx_it.c.obj
                0x000000000800195c                NMI_Handler
 .text.HardFault_Handler
                0x000000000800195e        0x2 CMakeFiles/CubeCM.dir/Core/Src/stm32f4xx_it.c.obj
                0x000000000800195e                HardFault_Handler
 .text.MemManage_Handler
                0x0000000008001960        0x2 CMakeFiles/CubeCM.dir/Core/Src/stm32f4xx_it.c.obj
                0x0000000008001960                MemManage_Handler
 .text.BusFault_Handler
                0x0000000008001962        0x2 CMakeFiles/CubeCM.dir/Core/Src/stm32f4xx_it.c.obj
                0x0000000008001962                BusFault_Handler
 .text.UsageFault_Handler
                0x0000000008001964        0x2 CMakeFiles/CubeCM.dir/Core/Src/stm32f4xx_it.c.obj
                0x0000000008001964                UsageFault_Handler
 .text.SVC_Handler
                0x0000000008001966        0x2 CMakeFiles/CubeCM.dir/Core/Src/stm32f4xx_it.c.obj
                0x0000000008001966                SVC_Handler
 .text.DebugMon_Handler
                0x0000000008001968        0x2 CMakeFiles/CubeCM.dir/Core/Src/stm32f4xx_it.c.obj
                0x0000000008001968                DebugMon_Handler
 .text.PendSV_Handler
                0x000000000800196a        0x2 CMakeFiles/CubeCM.dir/Core/Src/stm32f4xx_it.c.obj
                0x000000000800196a                PendSV_Handler
 .text.SysTick_Handler
                0x000000000800196c        0x8 CMakeFiles/CubeCM.dir/Core/Src/stm32f4xx_it.c.obj
                0x000000000800196c                SysTick_Handler
 .text.HAL_MspInit
                0x0000000008001974       0x38 CMakeFiles/CubeCM.dir/Core/Src/stm32f4xx_hal_msp.c.obj
                0x0000000008001974                HAL_MspInit
 .text.HAL_UART_MspInit
                0x00000000080019ac       0x70 CMakeFiles/CubeCM.dir/Core/Src/stm32f4xx_hal_msp.c.obj
                0x00000000080019ac                HAL_UART_MspInit
 .text.HAL_PCD_MspInit
                0x0000000008001a1c       0xa8 CMakeFiles/CubeCM.dir/Core/Src/stm32f4xx_hal_msp.c.obj
                0x0000000008001a1c                HAL_PCD_MspInit
 .text.SystemInit
                0x0000000008001ac4       0x14 CMakeFiles/CubeCM.dir/Core/Src/system_stm32f4xx.c.obj
                0x0000000008001ac4                SystemInit
 .text.__udivmoddi4
                0x0000000008001ad8      0x27a /usr/lib/gcc/arm-none-eabi/11.2.0/thumb/v7e-m+fp/hard/libgcc.a(_udivmoddi4.o)
                0x0000000008001ad8                __udivmoddi4
 *(.glue_7)
 .glue_7        0x0000000008001d52        0x0 linker stubs
 *(.glue_7t)
 .glue_7t       0x0000000008001d52        0x0 linker stubs
 *(.eh_frame)
 *fill*         0x0000000008001d52        0x2 
 .eh_frame      0x0000000008001d54        0x0 /usr/lib/gcc/arm-none-eabi/11.2.0/thumb/v7e-m+fp/hard/crtbegin.o
 *(.init)
 .init          0x0000000008001d54        0x4 /usr/lib/gcc/arm-none-eabi/11.2.0/thumb/v7e-m+fp/hard/crti.o
                0x0000000008001d54                _init
 .init          0x0000000008001d58        0x8 /usr/lib/gcc/arm-none-eabi/11.2.0/thumb/v7e-m+fp/hard/crtn.o
 *(.fini)
 .fini          0x0000000008001d60        0x4 /usr/lib/gcc/arm-none-eabi/11.2.0/thumb/v7e-m+fp/hard/crti.o
                0x0000000008001d60                _fini
 .fini          0x0000000008001d64        0x8 /usr/lib/gcc/arm-none-eabi/11.2.0/thumb/v7e-m+fp/hard/crtn.o
                0x0000000008001d6c                . = ALIGN (0x4)
                0x0000000008001d6c                _etext = .

.vfp11_veneer   0x0000000008001d6c        0x0
 .vfp11_veneer  0x0000000008001d6c        0x0 linker stubs

.v4_bx          0x0000000008001d6c        0x0
 .v4_bx         0x0000000008001d6c        0x0 linker stubs

.iplt           0x0000000008001d6c        0x0
 .iplt          0x0000000008001d6c        0x0 /usr/lib/gcc/arm-none-eabi/11.2.0/thumb/v7e-m+fp/hard/crtbegin.o

.rodata         0x0000000008001d6c       0x18
                0x0000000008001d6c                . = ALIGN (0x4)
 *(.rodata)
 *(.rodata*)
 .rodata.AHBPrescTable
                0x0000000008001d6c       0x10 CMakeFiles/CubeCM.dir/Core/Src/system_stm32f4xx.c.obj
                0x0000000008001d6c                AHBPrescTable
 .rodata.APBPrescTable
                0x0000000008001d7c        0x8 CMakeFiles/CubeCM.dir/Core/Src/system_stm32f4xx.c.obj
                0x0000000008001d7c                APBPrescTable
                0x0000000008001d84                . = ALIGN (0x4)

.ARM.extab
 *(.ARM.extab* .gnu.linkonce.armextab.*)

.ARM            0x0000000008001d84        0x8
                0x0000000008001d84                __exidx_start = .
 *(.ARM.exidx*)
 .ARM.exidx.text.__udivmoddi4
                0x0000000008001d84        0x8 /usr/lib/gcc/arm-none-eabi/11.2.0/thumb/v7e-m+fp/hard/libgcc.a(_udivmoddi4.o)
                0x0000000008001d8c                __exidx_end = .

.rel.dyn        0x0000000008001d8c        0x0
 .rel.iplt      0x0000000008001d8c        0x0 /usr/lib/gcc/arm-none-eabi/11.2.0/thumb/v7e-m+fp/hard/crtbegin.o

.preinit_array  0x0000000008001d8c        0x0
                0x0000000008001d8c                PROVIDE (__preinit_array_start = .)
 *(.preinit_array*)
                0x0000000008001d8c                PROVIDE (__preinit_array_end = .)

.init_array     0x0000000008001d8c        0x4
                0x0000000008001d8c                PROVIDE (__init_array_start = .)
 *(SORT_BY_NAME(.init_array.*))
 *(.init_array*)
 .init_array    0x0000000008001d8c        0x4 /usr/lib/gcc/arm-none-eabi/11.2.0/thumb/v7e-m+fp/hard/crtbegin.o
                0x0000000008001d90                PROVIDE (__init_array_end = .)

.fini_array     0x0000000008001d90        0x4
                0x0000000008001d90                PROVIDE (__fini_array_start = .)
 *(SORT_BY_NAME(.fini_array.*))
 *(.fini_array*)
 .fini_array    0x0000000008001d90        0x4 /usr/lib/gcc/arm-none-eabi/11.2.0/thumb/v7e-m+fp/hard/crtbegin.o
                0x0000000008001d94                PROVIDE (__fini_array_end = .)
                0x0000000008001d94                _sidata = LOADADDR (.data)

.data           0x0000000020000000        0xc load address 0x0000000008001d94
                0x0000000020000000                . = ALIGN (0x4)
                0x0000000020000000                _sdata = .
 *(.data)
 *(.data*)
 .data.uwTickFreq
                0x0000000020000000        0x1 CMakeFiles/CubeCM.dir/Drivers/STM32F4xx_HAL_Driver/Src/stm32f4xx_hal.c.obj
                0x0000000020000000                uwTickFreq
 *fill*         0x0000000020000001        0x3 
 .data.uwTickPrio
                0x0000000020000004        0x4 CMakeFiles/CubeCM.dir/Drivers/STM32F4xx_HAL_Driver/Src/stm32f4xx_hal.c.obj
                0x0000000020000004                uwTickPrio
 .data.SystemCoreClock
                0x0000000020000008        0x4 CMakeFiles/CubeCM.dir/Core/Src/system_stm32f4xx.c.obj
                0x0000000020000008                SystemCoreClock
                0x000000002000000c                . = ALIGN (0x4)
                0x000000002000000c                _edata = .

.igot.plt       0x000000002000000c        0x0 load address 0x0000000008001da0
 .igot.plt      0x000000002000000c        0x0 /usr/lib/gcc/arm-none-eabi/11.2.0/thumb/v7e-m+fp/hard/crtbegin.o
                0x000000002000000c                . = ALIGN (0x4)

.bss            0x000000002000000c      0x46c load address 0x0000000008001da0
                0x000000002000000c                _sbss = .
                0x000000002000000c                __bss_start__ = _sbss
 *(.bss)
 *(.bss*)
 .bss.completed.1
                0x000000002000000c        0x1 /usr/lib/gcc/arm-none-eabi/11.2.0/thumb/v7e-m+fp/hard/crtbegin.o
 *fill*         0x000000002000000d        0x3 
 .bss.object.0  0x0000000020000010       0x18 /usr/lib/gcc/arm-none-eabi/11.2.0/thumb/v7e-m+fp/hard/crtbegin.o
 .bss.uwTick    0x0000000020000028        0x4 CMakeFiles/CubeCM.dir/Drivers/STM32F4xx_HAL_Driver/Src/stm32f4xx_hal.c.obj
                0x0000000020000028                uwTick
 .bss.hpcd_USB_OTG_FS
                0x000000002000002c      0x408 CMakeFiles/CubeCM.dir/Core/Src/main.c.obj
                0x000000002000002c                hpcd_USB_OTG_FS
 .bss.huart3    0x0000000020000434       0x44 CMakeFiles/CubeCM.dir/Core/Src/main.c.obj
                0x0000000020000434                huart3
 *(COMMON)
                0x0000000020000478                . = ALIGN (0x4)
                0x0000000020000478                _ebss = .
                0x0000000020000478                __bss_end__ = _ebss

._user_heap_stack
                0x0000000020000478      0x600 load address 0x0000000008001da0
                0x0000000020000478                . = ALIGN (0x8)
                [!provide]                        PROVIDE (end = .)
                [!provide]                        PROVIDE (_end = .)
                0x0000000020000678                . = (. + _Min_Heap_Size)
 *fill*         0x0000000020000478      0x200 
                0x0000000020000a78                . = (. + _Min_Stack_Size)
 *fill*         0x0000000020000678      0x400 
                0x0000000020000a78                . = ALIGN (0x8)

/DISCARD/
 libc.a(*)
 libm.a(*)
 libgcc.a(*)

.ARM.attributes
                0x0000000000000000       0x30
 *(.ARM.attributes)
 .ARM.attributes
                0x0000000000000000       0x1e /usr/lib/gcc/arm-none-eabi/11.2.0/thumb/v7e-m+fp/hard/crti.o
 .ARM.attributes
                0x000000000000001e       0x34 /usr/lib/gcc/arm-none-eabi/11.2.0/thumb/v7e-m+fp/hard/crtbegin.o
 .ARM.attributes
                0x0000000000000052       0x34 /usr/lib/gcc/arm-none-eabi/11.2.0/../../../../arm-none-eabi/lib/thumb/v7e-m+fp/hard/libc_nano.a(lib_a-init.o)
 .ARM.attributes
                0x0000000000000086       0x34 /usr/lib/gcc/arm-none-eabi/11.2.0/../../../../arm-none-eabi/lib/thumb/v7e-m+fp/hard/libc_nano.a(lib_a-memset.o)
 .ARM.attributes
                0x00000000000000ba       0x21 CMakeFiles/CubeCM.dir/startup_stm32f413xx.s.obj
 .ARM.attributes
                0x00000000000000db       0x34 CMakeFiles/CubeCM.dir/Drivers/STM32F4xx_HAL_Driver/Src/stm32f4xx_hal_uart.c.obj
 .ARM.attributes
                0x000000000000010f       0x34 CMakeFiles/CubeCM.dir/Drivers/STM32F4xx_HAL_Driver/Src/stm32f4xx_hal_rcc.c.obj
 .ARM.attributes
                0x0000000000000143       0x34 CMakeFiles/CubeCM.dir/Drivers/STM32F4xx_HAL_Driver/Src/stm32f4xx_hal_rcc_ex.c.obj
 .ARM.attributes
                0x0000000000000177       0x34 CMakeFiles/CubeCM.dir/Drivers/STM32F4xx_HAL_Driver/Src/stm32f4xx_hal_gpio.c.obj
 .ARM.attributes
                0x00000000000001ab       0x34 CMakeFiles/CubeCM.dir/Drivers/STM32F4xx_HAL_Driver/Src/stm32f4xx_hal_cortex.c.obj
 .ARM.attributes
                0x00000000000001df       0x34 CMakeFiles/CubeCM.dir/Drivers/STM32F4xx_HAL_Driver/Src/stm32f4xx_hal.c.obj
 .ARM.attributes
                0x0000000000000213       0x34 CMakeFiles/CubeCM.dir/Drivers/STM32F4xx_HAL_Driver/Src/stm32f4xx_hal_pcd.c.obj
 .ARM.attributes
                0x0000000000000247       0x34 CMakeFiles/CubeCM.dir/Drivers/STM32F4xx_HAL_Driver/Src/stm32f4xx_hal_pcd_ex.c.obj
 .ARM.attributes
                0x000000000000027b       0x34 CMakeFiles/CubeCM.dir/Drivers/STM32F4xx_HAL_Driver/Src/stm32f4xx_ll_usb.c.obj
 .ARM.attributes
                0x00000000000002af       0x34 CMakeFiles/CubeCM.dir/Core/Src/main.c.obj
 .ARM.attributes
                0x00000000000002e3       0x34 CMakeFiles/CubeCM.dir/Core/Src/stm32f4xx_it.c.obj
 .ARM.attributes
                0x0000000000000317       0x34 CMakeFiles/CubeCM.dir/Core/Src/stm32f4xx_hal_msp.c.obj
 .ARM.attributes
                0x000000000000034b       0x34 CMakeFiles/CubeCM.dir/Core/Src/system_stm32f4xx.c.obj
 .ARM.attributes
                0x000000000000037f       0x1e /usr/lib/gcc/arm-none-eabi/11.2.0/thumb/v7e-m+fp/hard/libgcc.a(_aeabi_uldivmod.o)
 .ARM.attributes
                0x000000000000039d       0x34 /usr/lib/gcc/arm-none-eabi/11.2.0/thumb/v7e-m+fp/hard/libgcc.a(_udivmoddi4.o)
 .ARM.attributes
                0x00000000000003d1       0x1e /usr/lib/gcc/arm-none-eabi/11.2.0/thumb/v7e-m+fp/hard/libgcc.a(_dvmd_tls.o)
 .ARM.attributes
                0x00000000000003ef       0x1e /usr/lib/gcc/arm-none-eabi/11.2.0/thumb/v7e-m+fp/hard/crtn.o
OUTPUT(CubeCM elf32-littlearm)
LOAD linker stubs
LOAD /usr/lib/gcc/arm-none-eabi/11.2.0/../../../../arm-none-eabi/lib/thumb/v7e-m+fp/hard/libc.a
LOAD /usr/lib/gcc/arm-none-eabi/11.2.0/../../../../arm-none-eabi/lib/thumb/v7e-m+fp/hard/libm.a
LOAD /usr/lib/gcc/arm-none-eabi/11.2.0/thumb/v7e-m+fp/hard/libgcc.a

.debug_frame    0x0000000000000000     0x1780
 .debug_frame   0x0000000000000000       0x2c /usr/lib/gcc/arm-none-eabi/11.2.0/../../../../arm-none-eabi/lib/thumb/v7e-m+fp/hard/libc_nano.a(lib_a-init.o)
 .debug_frame   0x000000000000002c       0x20 /usr/lib/gcc/arm-none-eabi/11.2.0/../../../../arm-none-eabi/lib/thumb/v7e-m+fp/hard/libc_nano.a(lib_a-memset.o)
 .debug_frame   0x000000000000004c      0x5c8 CMakeFiles/CubeCM.dir/Drivers/STM32F4xx_HAL_Driver/Src/stm32f4xx_hal_uart.c.obj
 .debug_frame   0x0000000000000614      0x16c CMakeFiles/CubeCM.dir/Drivers/STM32F4xx_HAL_Driver/Src/stm32f4xx_hal_rcc.c.obj
 .debug_frame   0x0000000000000780      0x100 CMakeFiles/CubeCM.dir/Drivers/STM32F4xx_HAL_Driver/Src/stm32f4xx_hal_rcc_ex.c.obj
 .debug_frame   0x0000000000000880       0xd8 CMakeFiles/CubeCM.dir/Drivers/STM32F4xx_HAL_Driver/Src/stm32f4xx_hal_gpio.c.obj
 .debug_frame   0x0000000000000958      0x148 CMakeFiles/CubeCM.dir/Drivers/STM32F4xx_HAL_Driver/Src/stm32f4xx_hal_cortex.c.obj
 .debug_frame   0x0000000000000aa0      0x1ec CMakeFiles/CubeCM.dir/Drivers/STM32F4xx_HAL_Driver/Src/stm32f4xx_hal.c.obj
 .debug_frame   0x0000000000000c8c      0x358 CMakeFiles/CubeCM.dir/Drivers/STM32F4xx_HAL_Driver/Src/stm32f4xx_hal_pcd.c.obj
 .debug_frame   0x0000000000000fe4       0xb8 CMakeFiles/CubeCM.dir/Drivers/STM32F4xx_HAL_Driver/Src/stm32f4xx_hal_pcd_ex.c.obj
 .debug_frame   0x000000000000109c      0x460 CMakeFiles/CubeCM.dir/Drivers/STM32F4xx_HAL_Driver/Src/stm32f4xx_ll_usb.c.obj
 .debug_frame   0x00000000000014fc       0xac CMakeFiles/CubeCM.dir/Core/Src/main.c.obj
 .debug_frame   0x00000000000015a8       0xa8 CMakeFiles/CubeCM.dir/Core/Src/stm32f4xx_it.c.obj
 .debug_frame   0x0000000000001650       0xa0 CMakeFiles/CubeCM.dir/Core/Src/stm32f4xx_hal_msp.c.obj
 .debug_frame   0x00000000000016f0       0x30 CMakeFiles/CubeCM.dir/Core/Src/system_stm32f4xx.c.obj
 .debug_frame   0x0000000000001720       0x2c /usr/lib/gcc/arm-none-eabi/11.2.0/thumb/v7e-m+fp/hard/libgcc.a(_aeabi_uldivmod.o)
 .debug_frame   0x000000000000174c       0x34 /usr/lib/gcc/arm-none-eabi/11.2.0/thumb/v7e-m+fp/hard/libgcc.a(_udivmoddi4.o)

.debug_line     0x0000000000000000     0xe9de
 .debug_line    0x0000000000000000       0x7a CMakeFiles/CubeCM.dir/startup_stm32f413xx.s.obj
 .debug_line    0x000000000000007a     0x4926 CMakeFiles/CubeCM.dir/Drivers/STM32F4xx_HAL_Driver/Src/stm32f4xx_hal_uart.c.obj
 .debug_line    0x00000000000049a0      0xe7a CMakeFiles/CubeCM.dir/Drivers/STM32F4xx_HAL_Driver/Src/stm32f4xx_hal_rcc.c.obj
 .debug_line    0x000000000000581a     0x1301 CMakeFiles/CubeCM.dir/Drivers/STM32F4xx_HAL_Driver/Src/stm32f4xx_hal_rcc_ex.c.obj
 .debug_line    0x0000000000006b1b      0xa65 CMakeFiles/CubeCM.dir/Drivers/STM32F4xx_HAL_Driver/Src/stm32f4xx_hal_gpio.c.obj
 .debug_line    0x0000000000007580      0xb1e CMakeFiles/CubeCM.dir/Drivers/STM32F4xx_HAL_Driver/Src/stm32f4xx_hal_cortex.c.obj
 .debug_line    0x000000000000809e      0x8db CMakeFiles/CubeCM.dir/Drivers/STM32F4xx_HAL_Driver/Src/stm32f4xx_hal.c.obj
 .debug_line    0x0000000000008979     0x1710 CMakeFiles/CubeCM.dir/Drivers/STM32F4xx_HAL_Driver/Src/stm32f4xx_hal_pcd.c.obj
 .debug_line    0x000000000000a089      0x839 CMakeFiles/CubeCM.dir/Drivers/STM32F4xx_HAL_Driver/Src/stm32f4xx_hal_pcd_ex.c.obj
 .debug_line    0x000000000000a8c2     0x1f7e CMakeFiles/CubeCM.dir/Drivers/STM32F4xx_HAL_Driver/Src/stm32f4xx_ll_usb.c.obj
 .debug_line    0x000000000000c840      0x825 CMakeFiles/CubeCM.dir/Core/Src/main.c.obj
 .debug_line    0x000000000000d065      0x67d CMakeFiles/CubeCM.dir/Core/Src/stm32f4xx_it.c.obj
 .debug_line    0x000000000000d6e2      0x708 CMakeFiles/CubeCM.dir/Core/Src/stm32f4xx_hal_msp.c.obj
 .debug_line    0x000000000000ddea      0x63a CMakeFiles/CubeCM.dir/Core/Src/system_stm32f4xx.c.obj
 .debug_line    0x000000000000e424       0x4e /usr/lib/gcc/arm-none-eabi/11.2.0/thumb/v7e-m+fp/hard/libgcc.a(_aeabi_uldivmod.o)
 .debug_line    0x000000000000e472      0x522 /usr/lib/gcc/arm-none-eabi/11.2.0/thumb/v7e-m+fp/hard/libgcc.a(_udivmoddi4.o)
 .debug_line    0x000000000000e994       0x4a /usr/lib/gcc/arm-none-eabi/11.2.0/thumb/v7e-m+fp/hard/libgcc.a(_dvmd_tls.o)

.debug_line_str
                0x0000000000000000       0x8f
 .debug_line_str
                0x0000000000000000       0x41 CMakeFiles/CubeCM.dir/startup_stm32f413xx.s.obj
                                         0x82 (size before relaxing)
 .debug_line_str
                0x0000000000000041       0x42 /usr/lib/gcc/arm-none-eabi/11.2.0/thumb/v7e-m+fp/hard/libgcc.a(_aeabi_uldivmod.o)
                                         0x84 (size before relaxing)
 .debug_line_str
                0x0000000000000083        0xc /usr/lib/gcc/arm-none-eabi/11.2.0/thumb/v7e-m+fp/hard/libgcc.a(_dvmd_tls.o)
                                         0x8c (size before relaxing)

.debug_info     0x0000000000000000     0xeb09
 .debug_info    0x0000000000000000       0x23 CMakeFiles/CubeCM.dir/startup_stm32f413xx.s.obj
 .debug_info    0x0000000000000023     0x4078 CMakeFiles/CubeCM.dir/Drivers/STM32F4xx_HAL_Driver/Src/stm32f4xx_hal_uart.c.obj
 .debug_info    0x000000000000409b      0xaaf CMakeFiles/CubeCM.dir/Drivers/STM32F4xx_HAL_Driver/Src/stm32f4xx_hal_rcc.c.obj
 .debug_info    0x0000000000004b4a      0xa4d CMakeFiles/CubeCM.dir/Drivers/STM32F4xx_HAL_Driver/Src/stm32f4xx_hal_rcc_ex.c.obj
 .debug_info    0x0000000000005597      0x768 CMakeFiles/CubeCM.dir/Drivers/STM32F4xx_HAL_Driver/Src/stm32f4xx_hal_gpio.c.obj
 .debug_info    0x0000000000005cff      0xfe5 CMakeFiles/CubeCM.dir/Drivers/STM32F4xx_HAL_Driver/Src/stm32f4xx_hal_cortex.c.obj
 .debug_info    0x0000000000006ce4      0xa70 CMakeFiles/CubeCM.dir/Drivers/STM32F4xx_HAL_Driver/Src/stm32f4xx_hal.c.obj
 .debug_info    0x0000000000007754     0x1b35 CMakeFiles/CubeCM.dir/Drivers/STM32F4xx_HAL_Driver/Src/stm32f4xx_hal_pcd.c.obj
 .debug_info    0x0000000000009289      0x9ad CMakeFiles/CubeCM.dir/Drivers/STM32F4xx_HAL_Driver/Src/stm32f4xx_hal_pcd_ex.c.obj
 .debug_info    0x0000000000009c36     0x1da7 CMakeFiles/CubeCM.dir/Drivers/STM32F4xx_HAL_Driver/Src/stm32f4xx_ll_usb.c.obj
 .debug_info    0x000000000000b9dd     0x1268 CMakeFiles/CubeCM.dir/Core/Src/main.c.obj
 .debug_info    0x000000000000cc45      0x120 CMakeFiles/CubeCM.dir/Core/Src/stm32f4xx_it.c.obj
 .debug_info    0x000000000000cd65     0x1115 CMakeFiles/CubeCM.dir/Core/Src/stm32f4xx_hal_msp.c.obj
 .debug_info    0x000000000000de7a      0x563 CMakeFiles/CubeCM.dir/Core/Src/system_stm32f4xx.c.obj
 .debug_info    0x000000000000e3dd       0x24 /usr/lib/gcc/arm-none-eabi/11.2.0/thumb/v7e-m+fp/hard/libgcc.a(_aeabi_uldivmod.o)
 .debug_info    0x000000000000e401      0x6e4 /usr/lib/gcc/arm-none-eabi/11.2.0/thumb/v7e-m+fp/hard/libgcc.a(_udivmoddi4.o)
 .debug_info    0x000000000000eae5       0x24 /usr/lib/gcc/arm-none-eabi/11.2.0/thumb/v7e-m+fp/hard/libgcc.a(_dvmd_tls.o)

.debug_abbrev   0x0000000000000000     0x20d0
 .debug_abbrev  0x0000000000000000       0x12 CMakeFiles/CubeCM.dir/startup_stm32f413xx.s.obj
 .debug_abbrev  0x0000000000000012      0x32a CMakeFiles/CubeCM.dir/Drivers/STM32F4xx_HAL_Driver/Src/stm32f4xx_hal_uart.c.obj
 .debug_abbrev  0x000000000000033c      0x2c8 CMakeFiles/CubeCM.dir/Drivers/STM32F4xx_HAL_Driver/Src/stm32f4xx_hal_rcc.c.obj
 .debug_abbrev  0x0000000000000604      0x204 CMakeFiles/CubeCM.dir/Drivers/STM32F4xx_HAL_Driver/Src/stm32f4xx_hal_rcc_ex.c.obj
 .debug_abbrev  0x0000000000000808      0x204 CMakeFiles/CubeCM.dir/Drivers/STM32F4xx_HAL_Driver/Src/stm32f4xx_hal_gpio.c.obj
 .debug_abbrev  0x0000000000000a0c      0x378 CMakeFiles/CubeCM.dir/Drivers/STM32F4xx_HAL_Driver/Src/stm32f4xx_hal_cortex.c.obj
 .debug_abbrev  0x0000000000000d84      0x241 CMakeFiles/CubeCM.dir/Drivers/STM32F4xx_HAL_Driver/Src/stm32f4xx_hal.c.obj
 .debug_abbrev  0x0000000000000fc5      0x30b CMakeFiles/CubeCM.dir/Drivers/STM32F4xx_HAL_Driver/Src/stm32f4xx_hal_pcd.c.obj
 .debug_abbrev  0x00000000000012d0      0x2b4 CMakeFiles/CubeCM.dir/Drivers/STM32F4xx_HAL_Driver/Src/stm32f4xx_hal_pcd_ex.c.obj
 .debug_abbrev  0x0000000000001584      0x324 CMakeFiles/CubeCM.dir/Drivers/STM32F4xx_HAL_Driver/Src/stm32f4xx_ll_usb.c.obj
 .debug_abbrev  0x00000000000018a8      0x2b9 CMakeFiles/CubeCM.dir/Core/Src/main.c.obj
 .debug_abbrev  0x0000000000001b61       0x7e CMakeFiles/CubeCM.dir/Core/Src/stm32f4xx_it.c.obj
 .debug_abbrev  0x0000000000001bdf      0x230 CMakeFiles/CubeCM.dir/Core/Src/stm32f4xx_hal_msp.c.obj
 .debug_abbrev  0x0000000000001e0f      0x120 CMakeFiles/CubeCM.dir/Core/Src/system_stm32f4xx.c.obj
 .debug_abbrev  0x0000000000001f2f       0x14 /usr/lib/gcc/arm-none-eabi/11.2.0/thumb/v7e-m+fp/hard/libgcc.a(_aeabi_uldivmod.o)
 .debug_abbrev  0x0000000000001f43      0x179 /usr/lib/gcc/arm-none-eabi/11.2.0/thumb/v7e-m+fp/hard/libgcc.a(_udivmoddi4.o)
 .debug_abbrev  0x00000000000020bc       0x14 /usr/lib/gcc/arm-none-eabi/11.2.0/thumb/v7e-m+fp/hard/libgcc.a(_dvmd_tls.o)

.debug_aranges  0x0000000000000000      0x9a0
 .debug_aranges
                0x0000000000000000       0x28 CMakeFiles/CubeCM.dir/startup_stm32f413xx.s.obj
 .debug_aranges
                0x0000000000000028      0x200 CMakeFiles/CubeCM.dir/Drivers/STM32F4xx_HAL_Driver/Src/stm32f4xx_hal_uart.c.obj
 .debug_aranges
                0x0000000000000228       0x88 CMakeFiles/CubeCM.dir/Drivers/STM32F4xx_HAL_Driver/Src/stm32f4xx_hal_rcc.c.obj
 .debug_aranges
                0x00000000000002b0       0x60 CMakeFiles/CubeCM.dir/Drivers/STM32F4xx_HAL_Driver/Src/stm32f4xx_hal_rcc_ex.c.obj
 .debug_aranges
                0x0000000000000310       0x58 CMakeFiles/CubeCM.dir/Drivers/STM32F4xx_HAL_Driver/Src/stm32f4xx_hal_gpio.c.obj
 .debug_aranges
                0x0000000000000368       0xa8 CMakeFiles/CubeCM.dir/Drivers/STM32F4xx_HAL_Driver/Src/stm32f4xx_hal_cortex.c.obj
 .debug_aranges
                0x0000000000000410       0xf0 CMakeFiles/CubeCM.dir/Drivers/STM32F4xx_HAL_Driver/Src/stm32f4xx_hal.c.obj
 .debug_aranges
                0x0000000000000500      0x138 CMakeFiles/CubeCM.dir/Drivers/STM32F4xx_HAL_Driver/Src/stm32f4xx_hal_pcd.c.obj
 .debug_aranges
                0x0000000000000638       0x60 CMakeFiles/CubeCM.dir/Drivers/STM32F4xx_HAL_Driver/Src/stm32f4xx_hal_pcd_ex.c.obj
 .debug_aranges
                0x0000000000000698      0x198 CMakeFiles/CubeCM.dir/Drivers/STM32F4xx_HAL_Driver/Src/stm32f4xx_ll_usb.c.obj
 .debug_aranges
                0x0000000000000830       0x48 CMakeFiles/CubeCM.dir/Core/Src/main.c.obj
 .debug_aranges
                0x0000000000000878       0x60 CMakeFiles/CubeCM.dir/Core/Src/stm32f4xx_it.c.obj
 .debug_aranges
                0x00000000000008d8       0x40 CMakeFiles/CubeCM.dir/Core/Src/stm32f4xx_hal_msp.c.obj
 .debug_aranges
                0x0000000000000918       0x28 CMakeFiles/CubeCM.dir/Core/Src/system_stm32f4xx.c.obj
 .debug_aranges
                0x0000000000000940       0x20 /usr/lib/gcc/arm-none-eabi/11.2.0/thumb/v7e-m+fp/hard/libgcc.a(_aeabi_uldivmod.o)
 .debug_aranges
                0x0000000000000960       0x20 /usr/lib/gcc/arm-none-eabi/11.2.0/thumb/v7e-m+fp/hard/libgcc.a(_udivmoddi4.o)
 .debug_aranges
                0x0000000000000980       0x20 /usr/lib/gcc/arm-none-eabi/11.2.0/thumb/v7e-m+fp/hard/libgcc.a(_dvmd_tls.o)

.debug_str      0x0000000000000000    0xc41f7
 .debug_str     0x0000000000000000       0x53 CMakeFiles/CubeCM.dir/startup_stm32f413xx.s.obj
 .debug_str     0x0000000000000053    0xc0b45 CMakeFiles/CubeCM.dir/Drivers/STM32F4xx_HAL_Driver/Src/stm32f4xx_hal_uart.c.obj
                                      0xc0ec6 (size before relaxing)
 .debug_str     0x00000000000c0b98      0x55e CMakeFiles/CubeCM.dir/Drivers/STM32F4xx_HAL_Driver/Src/stm32f4xx_hal_rcc.c.obj
                                      0xc0950 (size before relaxing)
 .debug_str     0x00000000000c10f6      0x2e2 CMakeFiles/CubeCM.dir/Drivers/STM32F4xx_HAL_Driver/Src/stm32f4xx_hal_rcc_ex.c.obj
                                      0xc08c4 (size before relaxing)
 .debug_str     0x00000000000c13d8      0x19e CMakeFiles/CubeCM.dir/Drivers/STM32F4xx_HAL_Driver/Src/stm32f4xx_hal_gpio.c.obj
                                      0xc0690 (size before relaxing)
 .debug_str     0x00000000000c1576      0x9b3 CMakeFiles/CubeCM.dir/Drivers/STM32F4xx_HAL_Driver/Src/stm32f4xx_hal_cortex.c.obj
                                      0xc0e4b (size before relaxing)
 .debug_str     0x00000000000c1f29      0x5c7 CMakeFiles/CubeCM.dir/Drivers/STM32F4xx_HAL_Driver/Src/stm32f4xx_hal.c.obj
                                      0xc113c (size before relaxing)
 .debug_str     0x00000000000c24f0      0xb8a CMakeFiles/CubeCM.dir/Drivers/STM32F4xx_HAL_Driver/Src/stm32f4xx_hal_pcd.c.obj
                                      0xc0f95 (size before relaxing)
 .debug_str     0x00000000000c307a      0x1a1 CMakeFiles/CubeCM.dir/Drivers/STM32F4xx_HAL_Driver/Src/stm32f4xx_hal_pcd_ex.c.obj
                                      0xc093c (size before relaxing)
 .debug_str     0x00000000000c321b      0x468 CMakeFiles/CubeCM.dir/Drivers/STM32F4xx_HAL_Driver/Src/stm32f4xx_ll_usb.c.obj
                                      0xc0e1a (size before relaxing)
 .debug_str     0x00000000000c3683      0x3e4 CMakeFiles/CubeCM.dir/Core/Src/main.c.obj
                                      0xc11fc (size before relaxing)
 .debug_str     0x00000000000c3a67       0xe5 CMakeFiles/CubeCM.dir/Core/Src/stm32f4xx_it.c.obj
                                      0xc06c8 (size before relaxing)
 .debug_str     0x00000000000c3b4c       0x5c CMakeFiles/CubeCM.dir/Core/Src/stm32f4xx_hal_msp.c.obj
                                      0xc122e (size before relaxing)
 .debug_str     0x00000000000c3ba8       0x72 CMakeFiles/CubeCM.dir/Core/Src/system_stm32f4xx.c.obj
                                      0xc0506 (size before relaxing)
 .debug_str     0x00000000000c3c1a       0x66 /usr/lib/gcc/arm-none-eabi/11.2.0/thumb/v7e-m+fp/hard/libgcc.a(_aeabi_uldivmod.o)
 .debug_str     0x00000000000c3c80      0x56b /usr/lib/gcc/arm-none-eabi/11.2.0/thumb/v7e-m+fp/hard/libgcc.a(_udivmoddi4.o)
                                        0x66b (size before relaxing)
 .debug_str     0x00000000000c41eb        0xc /usr/lib/gcc/arm-none-eabi/11.2.0/thumb/v7e-m+fp/hard/libgcc.a(_dvmd_tls.o)
                                         0x6a (size before relaxing)

.debug_rnglists
                0x0000000000000000      0x7ae
 .debug_rnglists
                0x0000000000000000       0x19 CMakeFiles/CubeCM.dir/startup_stm32f413xx.s.obj
 .debug_rnglists
                0x0000000000000019      0x19b CMakeFiles/CubeCM.dir/Drivers/STM32F4xx_HAL_Driver/Src/stm32f4xx_hal_uart.c.obj
 .debug_rnglists
                0x00000000000001b4       0x75 CMakeFiles/CubeCM.dir/Drivers/STM32F4xx_HAL_Driver/Src/stm32f4xx_hal_rcc.c.obj
 .debug_rnglists
                0x0000000000000229       0x58 CMakeFiles/CubeCM.dir/Drivers/STM32F4xx_HAL_Driver/Src/stm32f4xx_hal_rcc_ex.c.obj
 .debug_rnglists
                0x0000000000000281       0x3f CMakeFiles/CubeCM.dir/Drivers/STM32F4xx_HAL_Driver/Src/stm32f4xx_hal_gpio.c.obj
 .debug_rnglists
                0x00000000000002c0       0xa9 CMakeFiles/CubeCM.dir/Drivers/STM32F4xx_HAL_Driver/Src/stm32f4xx_hal_cortex.c.obj
 .debug_rnglists
                0x0000000000000369       0xaf CMakeFiles/CubeCM.dir/Drivers/STM32F4xx_HAL_Driver/Src/stm32f4xx_hal.c.obj
 .debug_rnglists
                0x0000000000000418       0xeb CMakeFiles/CubeCM.dir/Drivers/STM32F4xx_HAL_Driver/Src/stm32f4xx_hal_pcd.c.obj
 .debug_rnglists
                0x0000000000000503       0x44 CMakeFiles/CubeCM.dir/Drivers/STM32F4xx_HAL_Driver/Src/stm32f4xx_hal_pcd_ex.c.obj
 .debug_rnglists
                0x0000000000000547      0x13a CMakeFiles/CubeCM.dir/Drivers/STM32F4xx_HAL_Driver/Src/stm32f4xx_ll_usb.c.obj
 .debug_rnglists
                0x0000000000000681       0x33 CMakeFiles/CubeCM.dir/Core/Src/main.c.obj
 .debug_rnglists
                0x00000000000006b4       0x43 CMakeFiles/CubeCM.dir/Core/Src/stm32f4xx_it.c.obj
 .debug_rnglists
                0x00000000000006f7       0x2c CMakeFiles/CubeCM.dir/Core/Src/stm32f4xx_hal_msp.c.obj
 .debug_rnglists
                0x0000000000000723       0x1a CMakeFiles/CubeCM.dir/Core/Src/system_stm32f4xx.c.obj
 .debug_rnglists
                0x000000000000073d       0x71 /usr/lib/gcc/arm-none-eabi/11.2.0/thumb/v7e-m+fp/hard/libgcc.a(_udivmoddi4.o)

.debug_loclists
                0x0000000000000000     0x6c1c
 .debug_loclists
                0x0000000000000000     0x2ba0 CMakeFiles/CubeCM.dir/Drivers/STM32F4xx_HAL_Driver/Src/stm32f4xx_hal_uart.c.obj
 .debug_loclists
                0x0000000000002ba0      0x3a9 CMakeFiles/CubeCM.dir/Drivers/STM32F4xx_HAL_Driver/Src/stm32f4xx_hal_rcc.c.obj
 .debug_loclists
                0x0000000000002f49      0x6b1 CMakeFiles/CubeCM.dir/Drivers/STM32F4xx_HAL_Driver/Src/stm32f4xx_hal_rcc_ex.c.obj
 .debug_loclists
                0x00000000000035fa      0x356 CMakeFiles/CubeCM.dir/Drivers/STM32F4xx_HAL_Driver/Src/stm32f4xx_hal_gpio.c.obj
 .debug_loclists
                0x0000000000003950      0x4db CMakeFiles/CubeCM.dir/Drivers/STM32F4xx_HAL_Driver/Src/stm32f4xx_hal_cortex.c.obj
 .debug_loclists
                0x0000000000003e2b       0xc9 CMakeFiles/CubeCM.dir/Drivers/STM32F4xx_HAL_Driver/Src/stm32f4xx_hal.c.obj
 .debug_loclists
                0x0000000000003ef4      0xb7b CMakeFiles/CubeCM.dir/Drivers/STM32F4xx_HAL_Driver/Src/stm32f4xx_hal_pcd.c.obj
 .debug_loclists
                0x0000000000004a6f      0x15b CMakeFiles/CubeCM.dir/Drivers/STM32F4xx_HAL_Driver/Src/stm32f4xx_hal_pcd_ex.c.obj
 .debug_loclists
                0x0000000000004bca     0x169d CMakeFiles/CubeCM.dir/Drivers/STM32F4xx_HAL_Driver/Src/stm32f4xx_ll_usb.c.obj
 .debug_loclists
                0x0000000000006267       0xbd CMakeFiles/CubeCM.dir/Core/Src/stm32f4xx_hal_msp.c.obj
 .debug_loclists
                0x0000000000006324       0xdb CMakeFiles/CubeCM.dir/Core/Src/system_stm32f4xx.c.obj
 .debug_loclists
                0x00000000000063ff      0x81d /usr/lib/gcc/arm-none-eabi/11.2.0/thumb/v7e-m+fp/hard/libgcc.a(_udivmoddi4.o)

.debug_macro    0x0000000000000000     0x19e4
 .debug_macro   0x0000000000000000      0x1df CMakeFiles/CubeCM.dir/Drivers/STM32F4xx_HAL_Driver/Src/stm32f4xx_hal_uart.c.obj
 .debug_macro   0x00000000000001df      0x202 CMakeFiles/CubeCM.dir/Drivers/STM32F4xx_HAL_Driver/Src/stm32f4xx_hal_rcc.c.obj
 .debug_macro   0x00000000000003e1      0x1de CMakeFiles/CubeCM.dir/Drivers/STM32F4xx_HAL_Driver/Src/stm32f4xx_hal_rcc_ex.c.obj
 .debug_macro   0x00000000000005bf      0x1e4 CMakeFiles/CubeCM.dir/Drivers/STM32F4xx_HAL_Driver/Src/stm32f4xx_hal_gpio.c.obj
 .debug_macro   0x00000000000007a3      0x1de CMakeFiles/CubeCM.dir/Drivers/STM32F4xx_HAL_Driver/Src/stm32f4xx_hal_cortex.c.obj
 .debug_macro   0x0000000000000981      0x23e CMakeFiles/CubeCM.dir/Drivers/STM32F4xx_HAL_Driver/Src/stm32f4xx_hal.c.obj
 .debug_macro   0x0000000000000bbf      0x1ea CMakeFiles/CubeCM.dir/Drivers/STM32F4xx_HAL_Driver/Src/stm32f4xx_hal_pcd.c.obj
 .debug_macro   0x0000000000000da9      0x1de CMakeFiles/CubeCM.dir/Drivers/STM32F4xx_HAL_Driver/Src/stm32f4xx_hal_pcd_ex.c.obj
 .debug_macro   0x0000000000000f87      0x1de CMakeFiles/CubeCM.dir/Drivers/STM32F4xx_HAL_Driver/Src/stm32f4xx_ll_usb.c.obj
 .debug_macro   0x0000000000001165      0x1ed CMakeFiles/CubeCM.dir/Core/Src/main.c.obj
 .debug_macro   0x0000000000001352       0xd0 CMakeFiles/CubeCM.dir/Core/Src/main.c.obj
 .debug_macro   0x0000000000001422      0x1f7 CMakeFiles/CubeCM.dir/Core/Src/stm32f4xx_it.c.obj
 .debug_macro   0x0000000000001619      0x1ed CMakeFiles/CubeCM.dir/Core/Src/stm32f4xx_hal_msp.c.obj
 .debug_macro   0x0000000000001806      0x1de CMakeFiles/CubeCM.dir/Core/Src/system_stm32f4xx.c.obj

.comment        0x0000000000000000       0x1e
 .comment       0x0000000000000000       0x1e CMakeFiles/CubeCM.dir/Drivers/STM32F4xx_HAL_Driver/Src/stm32f4xx_hal_uart.c.obj
                                         0x1f (size before relaxing)
 .comment       0x000000000000001e       0x1f CMakeFiles/CubeCM.dir/Drivers/STM32F4xx_HAL_Driver/Src/stm32f4xx_hal_rcc.c.obj
 .comment       0x000000000000001e       0x1f CMakeFiles/CubeCM.dir/Drivers/STM32F4xx_HAL_Driver/Src/stm32f4xx_hal_rcc_ex.c.obj
 .comment       0x000000000000001e       0x1f CMakeFiles/CubeCM.dir/Drivers/STM32F4xx_HAL_Driver/Src/stm32f4xx_hal_gpio.c.obj
 .comment       0x000000000000001e       0x1f CMakeFiles/CubeCM.dir/Drivers/STM32F4xx_HAL_Driver/Src/stm32f4xx_hal_cortex.c.obj
 .comment       0x000000000000001e       0x1f CMakeFiles/CubeCM.dir/Drivers/STM32F4xx_HAL_Driver/Src/stm32f4xx_hal.c.obj
 .comment       0x000000000000001e       0x1f CMakeFiles/CubeCM.dir/Drivers/STM32F4xx_HAL_Driver/Src/stm32f4xx_hal_pcd.c.obj
 .comment       0x000000000000001e       0x1f CMakeFiles/CubeCM.dir/Drivers/STM32F4xx_HAL_Driver/Src/stm32f4xx_hal_pcd_ex.c.obj
 .comment       0x000000000000001e       0x1f CMakeFiles/CubeCM.dir/Drivers/STM32F4xx_HAL_Driver/Src/stm32f4xx_ll_usb.c.obj
 .comment       0x000000000000001e       0x1f CMakeFiles/CubeCM.dir/Core/Src/main.c.obj
 .comment       0x000000000000001e       0x1f CMakeFiles/CubeCM.dir/Core/Src/stm32f4xx_it.c.obj
 .comment       0x000000000000001e       0x1f CMakeFiles/CubeCM.dir/Core/Src/stm32f4xx_hal_msp.c.obj
 .comment       0x000000000000001e       0x1f CMakeFiles/CubeCM.dir/Core/Src/system_stm32f4xx.c.obj
 .comment       0x000000000000001e       0x1f /usr/lib/gcc/arm-none-eabi/11.2.0/thumb/v7e-m+fp/hard/libgcc.a(_udivmoddi4.o)

Cross Reference Table

Symbol                                            File
ADC_IRQHandler                                    CMakeFiles/CubeCM.dir/startup_stm32f413xx.s.obj
AHBPrescTable                                     CMakeFiles/CubeCM.dir/Core/Src/system_stm32f4xx.c.obj
                                                  CMakeFiles/CubeCM.dir/Drivers/STM32F4xx_HAL_Driver/Src/stm32f4xx_hal_rcc.c.obj
APBPrescTable                                     CMakeFiles/CubeCM.dir/Core/Src/system_stm32f4xx.c.obj
                                                  CMakeFiles/CubeCM.dir/Drivers/STM32F4xx_HAL_Driver/Src/stm32f4xx_hal_rcc.c.obj
BusFault_Handler                                  CMakeFiles/CubeCM.dir/Core/Src/stm32f4xx_it.c.obj
                                                  CMakeFiles/CubeCM.dir/startup_stm32f413xx.s.obj
CAN1_RX0_IRQHandler                               CMakeFiles/CubeCM.dir/startup_stm32f413xx.s.obj
CAN1_RX1_IRQHandler                               CMakeFiles/CubeCM.dir/startup_stm32f413xx.s.obj
CAN1_SCE_IRQHandler                               CMakeFiles/CubeCM.dir/startup_stm32f413xx.s.obj
CAN1_TX_IRQHandler                                CMakeFiles/CubeCM.dir/startup_stm32f413xx.s.obj
CAN2_RX0_IRQHandler                               CMakeFiles/CubeCM.dir/startup_stm32f413xx.s.obj
CAN2_RX1_IRQHandler                               CMakeFiles/CubeCM.dir/startup_stm32f413xx.s.obj
CAN2_SCE_IRQHandler                               CMakeFiles/CubeCM.dir/startup_stm32f413xx.s.obj
CAN2_TX_IRQHandler                                CMakeFiles/CubeCM.dir/startup_stm32f413xx.s.obj
CAN3_RX0_IRQHandler                               CMakeFiles/CubeCM.dir/startup_stm32f413xx.s.obj
CAN3_RX1_IRQHandler                               CMakeFiles/CubeCM.dir/startup_stm32f413xx.s.obj
CAN3_SCE_IRQHandler                               CMakeFiles/CubeCM.dir/startup_stm32f413xx.s.obj
CAN3_TX_IRQHandler                                CMakeFiles/CubeCM.dir/startup_stm32f413xx.s.obj
DFSDM1_FLT0_IRQHandler                            CMakeFiles/CubeCM.dir/startup_stm32f413xx.s.obj
DFSDM1_FLT1_IRQHandler                            CMakeFiles/CubeCM.dir/startup_stm32f413xx.s.obj
DFSDM2_FLT0_IRQHandler                            CMakeFiles/CubeCM.dir/startup_stm32f413xx.s.obj
DFSDM2_FLT1_IRQHandler                            CMakeFiles/CubeCM.dir/startup_stm32f413xx.s.obj
DFSDM2_FLT2_IRQHandler                            CMakeFiles/CubeCM.dir/startup_stm32f413xx.s.obj
DFSDM2_FLT3_IRQHandler                            CMakeFiles/CubeCM.dir/startup_stm32f413xx.s.obj
DMA1_Stream0_IRQHandler                           CMakeFiles/CubeCM.dir/startup_stm32f413xx.s.obj
DMA1_Stream1_IRQHandler                           CMakeFiles/CubeCM.dir/startup_stm32f413xx.s.obj
DMA1_Stream2_IRQHandler                           CMakeFiles/CubeCM.dir/startup_stm32f413xx.s.obj
DMA1_Stream3_IRQHandler                           CMakeFiles/CubeCM.dir/startup_stm32f413xx.s.obj
DMA1_Stream4_IRQHandler                           CMakeFiles/CubeCM.dir/startup_stm32f413xx.s.obj
DMA1_Stream5_IRQHandler                           CMakeFiles/CubeCM.dir/startup_stm32f413xx.s.obj
DMA1_Stream6_IRQHandler                           CMakeFiles/CubeCM.dir/startup_stm32f413xx.s.obj
DMA1_Stream7_IRQHandler                           CMakeFiles/CubeCM.dir/startup_stm32f413xx.s.obj
DMA2_Stream0_IRQHandler                           CMakeFiles/CubeCM.dir/startup_stm32f413xx.s.obj
DMA2_Stream1_IRQHandler                           CMakeFiles/CubeCM.dir/startup_stm32f413xx.s.obj
DMA2_Stream2_IRQHandler                           CMakeFiles/CubeCM.dir/startup_stm32f413xx.s.obj
DMA2_Stream3_IRQHandler                           CMakeFiles/CubeCM.dir/startup_stm32f413xx.s.obj
DMA2_Stream4_IRQHandler                           CMakeFiles/CubeCM.dir/startup_stm32f413xx.s.obj
DMA2_Stream5_IRQHandler                           CMakeFiles/CubeCM.dir/startup_stm32f413xx.s.obj
DMA2_Stream6_IRQHandler                           CMakeFiles/CubeCM.dir/startup_stm32f413xx.s.obj
DMA2_Stream7_IRQHandler                           CMakeFiles/CubeCM.dir/startup_stm32f413xx.s.obj
DebugMon_Handler                                  CMakeFiles/CubeCM.dir/Core/Src/stm32f4xx_it.c.obj
                                                  CMakeFiles/CubeCM.dir/startup_stm32f413xx.s.obj
Default_Handler                                   CMakeFiles/CubeCM.dir/startup_stm32f413xx.s.obj
EXTI0_IRQHandler                                  CMakeFiles/CubeCM.dir/startup_stm32f413xx.s.obj
EXTI15_10_IRQHandler                              CMakeFiles/CubeCM.dir/startup_stm32f413xx.s.obj
EXTI1_IRQHandler                                  CMakeFiles/CubeCM.dir/startup_stm32f413xx.s.obj
EXTI2_IRQHandler                                  CMakeFiles/CubeCM.dir/startup_stm32f413xx.s.obj
EXTI3_IRQHandler                                  CMakeFiles/CubeCM.dir/startup_stm32f413xx.s.obj
EXTI4_IRQHandler                                  CMakeFiles/CubeCM.dir/startup_stm32f413xx.s.obj
EXTI9_5_IRQHandler                                CMakeFiles/CubeCM.dir/startup_stm32f413xx.s.obj
Error_Handler                                     CMakeFiles/CubeCM.dir/Core/Src/main.c.obj
                                                  CMakeFiles/CubeCM.dir/Core/Src/stm32f4xx_hal_msp.c.obj
FLASH_Erase_Sector                                CMakeFiles/CubeCM.dir/Drivers/STM32F4xx_HAL_Driver/Src/stm32f4xx_hal_flash_ex.c.obj
                                                  CMakeFiles/CubeCM.dir/Drivers/STM32F4xx_HAL_Driver/Src/stm32f4xx_hal_flash.c.obj
FLASH_FlushCaches                                 CMakeFiles/CubeCM.dir/Drivers/STM32F4xx_HAL_Driver/Src/stm32f4xx_hal_flash_ex.c.obj
                                                  CMakeFiles/CubeCM.dir/Drivers/STM32F4xx_HAL_Driver/Src/stm32f4xx_hal_flash.c.obj
FLASH_IRQHandler                                  CMakeFiles/CubeCM.dir/startup_stm32f413xx.s.obj
FLASH_WaitForLastOperation                        CMakeFiles/CubeCM.dir/Drivers/STM32F4xx_HAL_Driver/Src/stm32f4xx_hal_flash.c.obj
                                                  CMakeFiles/CubeCM.dir/Drivers/STM32F4xx_HAL_Driver/Src/stm32f4xx_hal_flash_ex.c.obj
FMPI2C1_ER_IRQHandler                             CMakeFiles/CubeCM.dir/startup_stm32f413xx.s.obj
FMPI2C1_EV_IRQHandler                             CMakeFiles/CubeCM.dir/startup_stm32f413xx.s.obj
FPU_IRQHandler                                    CMakeFiles/CubeCM.dir/startup_stm32f413xx.s.obj
FSMC_IRQHandler                                   CMakeFiles/CubeCM.dir/startup_stm32f413xx.s.obj
HAL_DBGMCU_DisableDBGSleepMode                    CMakeFiles/CubeCM.dir/Drivers/STM32F4xx_HAL_Driver/Src/stm32f4xx_hal.c.obj
HAL_DBGMCU_DisableDBGStandbyMode                  CMakeFiles/CubeCM.dir/Drivers/STM32F4xx_HAL_Driver/Src/stm32f4xx_hal.c.obj
HAL_DBGMCU_DisableDBGStopMode                     CMakeFiles/CubeCM.dir/Drivers/STM32F4xx_HAL_Driver/Src/stm32f4xx_hal.c.obj
HAL_DBGMCU_EnableDBGSleepMode                     CMakeFiles/CubeCM.dir/Drivers/STM32F4xx_HAL_Driver/Src/stm32f4xx_hal.c.obj
HAL_DBGMCU_EnableDBGStandbyMode                   CMakeFiles/CubeCM.dir/Drivers/STM32F4xx_HAL_Driver/Src/stm32f4xx_hal.c.obj
HAL_DBGMCU_EnableDBGStopMode                      CMakeFiles/CubeCM.dir/Drivers/STM32F4xx_HAL_Driver/Src/stm32f4xx_hal.c.obj
HAL_DMAEx_ChangeMemory                            CMakeFiles/CubeCM.dir/Drivers/STM32F4xx_HAL_Driver/Src/stm32f4xx_hal_dma_ex.c.obj
HAL_DMAEx_MultiBufferStart                        CMakeFiles/CubeCM.dir/Drivers/STM32F4xx_HAL_Driver/Src/stm32f4xx_hal_dma_ex.c.obj
HAL_DMAEx_MultiBufferStart_IT                     CMakeFiles/CubeCM.dir/Drivers/STM32F4xx_HAL_Driver/Src/stm32f4xx_hal_dma_ex.c.obj
HAL_DMA_Abort                                     CMakeFiles/CubeCM.dir/Drivers/STM32F4xx_HAL_Driver/Src/stm32f4xx_hal_dma.c.obj
                                                  CMakeFiles/CubeCM.dir/Drivers/STM32F4xx_HAL_Driver/Src/stm32f4xx_hal_uart.c.obj
HAL_DMA_Abort_IT                                  CMakeFiles/CubeCM.dir/Drivers/STM32F4xx_HAL_Driver/Src/stm32f4xx_hal_dma.c.obj
                                                  CMakeFiles/CubeCM.dir/Drivers/STM32F4xx_HAL_Driver/Src/stm32f4xx_hal_uart.c.obj
HAL_DMA_DeInit                                    CMakeFiles/CubeCM.dir/Drivers/STM32F4xx_HAL_Driver/Src/stm32f4xx_hal_dma.c.obj
HAL_DMA_GetError                                  CMakeFiles/CubeCM.dir/Drivers/STM32F4xx_HAL_Driver/Src/stm32f4xx_hal_dma.c.obj
                                                  CMakeFiles/CubeCM.dir/Drivers/STM32F4xx_HAL_Driver/Src/stm32f4xx_hal_uart.c.obj
HAL_DMA_GetState                                  CMakeFiles/CubeCM.dir/Drivers/STM32F4xx_HAL_Driver/Src/stm32f4xx_hal_dma.c.obj
HAL_DMA_IRQHandler                                CMakeFiles/CubeCM.dir/Drivers/STM32F4xx_HAL_Driver/Src/stm32f4xx_hal_dma.c.obj
HAL_DMA_Init                                      CMakeFiles/CubeCM.dir/Drivers/STM32F4xx_HAL_Driver/Src/stm32f4xx_hal_dma.c.obj
HAL_DMA_PollForTransfer                           CMakeFiles/CubeCM.dir/Drivers/STM32F4xx_HAL_Driver/Src/stm32f4xx_hal_dma.c.obj
HAL_DMA_RegisterCallback                          CMakeFiles/CubeCM.dir/Drivers/STM32F4xx_HAL_Driver/Src/stm32f4xx_hal_dma.c.obj
HAL_DMA_Start                                     CMakeFiles/CubeCM.dir/Drivers/STM32F4xx_HAL_Driver/Src/stm32f4xx_hal_dma.c.obj
HAL_DMA_Start_IT                                  CMakeFiles/CubeCM.dir/Drivers/STM32F4xx_HAL_Driver/Src/stm32f4xx_hal_dma.c.obj
                                                  CMakeFiles/CubeCM.dir/Drivers/STM32F4xx_HAL_Driver/Src/stm32f4xx_hal_uart.c.obj
HAL_DMA_UnRegisterCallback                        CMakeFiles/CubeCM.dir/Drivers/STM32F4xx_HAL_Driver/Src/stm32f4xx_hal_dma.c.obj
HAL_DeInit                                        CMakeFiles/CubeCM.dir/Drivers/STM32F4xx_HAL_Driver/Src/stm32f4xx_hal.c.obj
HAL_Delay                                         CMakeFiles/CubeCM.dir/Drivers/STM32F4xx_HAL_Driver/Src/stm32f4xx_hal.c.obj
                                                  CMakeFiles/CubeCM.dir/Drivers/STM32F4xx_HAL_Driver/Src/stm32f4xx_ll_usb.c.obj
                                                  CMakeFiles/CubeCM.dir/Drivers/STM32F4xx_HAL_Driver/Src/stm32f4xx_hal_pcd_ex.c.obj
HAL_DisableCompensationCell                       CMakeFiles/CubeCM.dir/Drivers/STM32F4xx_HAL_Driver/Src/stm32f4xx_hal.c.obj
HAL_EXTI_ClearConfigLine                          CMakeFiles/CubeCM.dir/Drivers/STM32F4xx_HAL_Driver/Src/stm32f4xx_hal_exti.c.obj
HAL_EXTI_ClearPending                             CMakeFiles/CubeCM.dir/Drivers/STM32F4xx_HAL_Driver/Src/stm32f4xx_hal_exti.c.obj
HAL_EXTI_GenerateSWI                              CMakeFiles/CubeCM.dir/Drivers/STM32F4xx_HAL_Driver/Src/stm32f4xx_hal_exti.c.obj
HAL_EXTI_GetConfigLine                            CMakeFiles/CubeCM.dir/Drivers/STM32F4xx_HAL_Driver/Src/stm32f4xx_hal_exti.c.obj
HAL_EXTI_GetHandle                                CMakeFiles/CubeCM.dir/Drivers/STM32F4xx_HAL_Driver/Src/stm32f4xx_hal_exti.c.obj
HAL_EXTI_GetPending                               CMakeFiles/CubeCM.dir/Drivers/STM32F4xx_HAL_Driver/Src/stm32f4xx_hal_exti.c.obj
HAL_EXTI_IRQHandler                               CMakeFiles/CubeCM.dir/Drivers/STM32F4xx_HAL_Driver/Src/stm32f4xx_hal_exti.c.obj
HAL_EXTI_RegisterCallback                         CMakeFiles/CubeCM.dir/Drivers/STM32F4xx_HAL_Driver/Src/stm32f4xx_hal_exti.c.obj
HAL_EXTI_SetConfigLine                            CMakeFiles/CubeCM.dir/Drivers/STM32F4xx_HAL_Driver/Src/stm32f4xx_hal_exti.c.obj
HAL_EnableCompensationCell                        CMakeFiles/CubeCM.dir/Drivers/STM32F4xx_HAL_Driver/Src/stm32f4xx_hal.c.obj
HAL_FLASHEx_AdvOBGetConfig                        CMakeFiles/CubeCM.dir/Drivers/STM32F4xx_HAL_Driver/Src/stm32f4xx_hal_flash_ex.c.obj
HAL_FLASHEx_AdvOBProgram                          CMakeFiles/CubeCM.dir/Drivers/STM32F4xx_HAL_Driver/Src/stm32f4xx_hal_flash_ex.c.obj
HAL_FLASHEx_Erase                                 CMakeFiles/CubeCM.dir/Drivers/STM32F4xx_HAL_Driver/Src/stm32f4xx_hal_flash_ex.c.obj
HAL_FLASHEx_Erase_IT                              CMakeFiles/CubeCM.dir/Drivers/STM32F4xx_HAL_Driver/Src/stm32f4xx_hal_flash_ex.c.obj
HAL_FLASHEx_OBGetConfig                           CMakeFiles/CubeCM.dir/Drivers/STM32F4xx_HAL_Driver/Src/stm32f4xx_hal_flash_ex.c.obj
HAL_FLASHEx_OBProgram                             CMakeFiles/CubeCM.dir/Drivers/STM32F4xx_HAL_Driver/Src/stm32f4xx_hal_flash_ex.c.obj
HAL_FLASHEx_OB_DeSelectPCROP                      CMakeFiles/CubeCM.dir/Drivers/STM32F4xx_HAL_Driver/Src/stm32f4xx_hal_flash_ex.c.obj
HAL_FLASHEx_OB_SelectPCROP                        CMakeFiles/CubeCM.dir/Drivers/STM32F4xx_HAL_Driver/Src/stm32f4xx_hal_flash_ex.c.obj
HAL_FLASH_EndOfOperationCallback                  CMakeFiles/CubeCM.dir/Drivers/STM32F4xx_HAL_Driver/Src/stm32f4xx_hal_flash.c.obj
HAL_FLASH_GetError                                CMakeFiles/CubeCM.dir/Drivers/STM32F4xx_HAL_Driver/Src/stm32f4xx_hal_flash.c.obj
HAL_FLASH_IRQHandler                              CMakeFiles/CubeCM.dir/Drivers/STM32F4xx_HAL_Driver/Src/stm32f4xx_hal_flash.c.obj
HAL_FLASH_Lock                                    CMakeFiles/CubeCM.dir/Drivers/STM32F4xx_HAL_Driver/Src/stm32f4xx_hal_flash.c.obj
HAL_FLASH_OB_Launch                               CMakeFiles/CubeCM.dir/Drivers/STM32F4xx_HAL_Driver/Src/stm32f4xx_hal_flash.c.obj
HAL_FLASH_OB_Lock                                 CMakeFiles/CubeCM.dir/Drivers/STM32F4xx_HAL_Driver/Src/stm32f4xx_hal_flash.c.obj
HAL_FLASH_OB_Unlock                               CMakeFiles/CubeCM.dir/Drivers/STM32F4xx_HAL_Driver/Src/stm32f4xx_hal_flash.c.obj
HAL_FLASH_OperationErrorCallback                  CMakeFiles/CubeCM.dir/Drivers/STM32F4xx_HAL_Driver/Src/stm32f4xx_hal_flash.c.obj
HAL_FLASH_Program                                 CMakeFiles/CubeCM.dir/Drivers/STM32F4xx_HAL_Driver/Src/stm32f4xx_hal_flash.c.obj
HAL_FLASH_Program_IT                              CMakeFiles/CubeCM.dir/Drivers/STM32F4xx_HAL_Driver/Src/stm32f4xx_hal_flash.c.obj
HAL_FLASH_Unlock                                  CMakeFiles/CubeCM.dir/Drivers/STM32F4xx_HAL_Driver/Src/stm32f4xx_hal_flash.c.obj
HAL_GPIO_DeInit                                   CMakeFiles/CubeCM.dir/Drivers/STM32F4xx_HAL_Driver/Src/stm32f4xx_hal_gpio.c.obj
                                                  CMakeFiles/CubeCM.dir/Core/Src/stm32f4xx_hal_msp.c.obj
HAL_GPIO_EXTI_Callback                            CMakeFiles/CubeCM.dir/Drivers/STM32F4xx_HAL_Driver/Src/stm32f4xx_hal_gpio.c.obj
HAL_GPIO_EXTI_IRQHandler                          CMakeFiles/CubeCM.dir/Drivers/STM32F4xx_HAL_Driver/Src/stm32f4xx_hal_gpio.c.obj
HAL_GPIO_Init                                     CMakeFiles/CubeCM.dir/Drivers/STM32F4xx_HAL_Driver/Src/stm32f4xx_hal_gpio.c.obj
                                                  CMakeFiles/CubeCM.dir/Core/Src/stm32f4xx_hal_msp.c.obj
                                                  CMakeFiles/CubeCM.dir/Core/Src/main.c.obj
                                                  CMakeFiles/CubeCM.dir/Drivers/STM32F4xx_HAL_Driver/Src/stm32f4xx_hal_rcc.c.obj
HAL_GPIO_LockPin                                  CMakeFiles/CubeCM.dir/Drivers/STM32F4xx_HAL_Driver/Src/stm32f4xx_hal_gpio.c.obj
HAL_GPIO_ReadPin                                  CMakeFiles/CubeCM.dir/Drivers/STM32F4xx_HAL_Driver/Src/stm32f4xx_hal_gpio.c.obj
HAL_GPIO_TogglePin                                CMakeFiles/CubeCM.dir/Drivers/STM32F4xx_HAL_Driver/Src/stm32f4xx_hal_gpio.c.obj
HAL_GPIO_WritePin                                 CMakeFiles/CubeCM.dir/Drivers/STM32F4xx_HAL_Driver/Src/stm32f4xx_hal_gpio.c.obj
                                                  CMakeFiles/CubeCM.dir/Core/Src/main.c.obj
HAL_GetDEVID                                      CMakeFiles/CubeCM.dir/Drivers/STM32F4xx_HAL_Driver/Src/stm32f4xx_hal.c.obj
HAL_GetHalVersion                                 CMakeFiles/CubeCM.dir/Drivers/STM32F4xx_HAL_Driver/Src/stm32f4xx_hal.c.obj
HAL_GetREVID                                      CMakeFiles/CubeCM.dir/Drivers/STM32F4xx_HAL_Driver/Src/stm32f4xx_hal.c.obj
HAL_GetTick                                       CMakeFiles/CubeCM.dir/Drivers/STM32F4xx_HAL_Driver/Src/stm32f4xx_hal.c.obj
                                                  CMakeFiles/CubeCM.dir/Drivers/STM32F4xx_HAL_Driver/Src/stm32f4xx_hal_pcd_ex.c.obj
                                                  CMakeFiles/CubeCM.dir/Drivers/STM32F4xx_HAL_Driver/Src/stm32f4xx_hal_pwr_ex.c.obj
                                                  CMakeFiles/CubeCM.dir/Drivers/STM32F4xx_HAL_Driver/Src/stm32f4xx_hal_dma.c.obj
                                                  CMakeFiles/CubeCM.dir/Drivers/STM32F4xx_HAL_Driver/Src/stm32f4xx_hal_flash.c.obj
                                                  CMakeFiles/CubeCM.dir/Drivers/STM32F4xx_HAL_Driver/Src/stm32f4xx_hal_rcc_ex.c.obj
                                                  CMakeFiles/CubeCM.dir/Drivers/STM32F4xx_HAL_Driver/Src/stm32f4xx_hal_rcc.c.obj
                                                  CMakeFiles/CubeCM.dir/Drivers/STM32F4xx_HAL_Driver/Src/stm32f4xx_hal_uart.c.obj
HAL_GetTickFreq                                   CMakeFiles/CubeCM.dir/Drivers/STM32F4xx_HAL_Driver/Src/stm32f4xx_hal.c.obj
HAL_GetTickPrio                                   CMakeFiles/CubeCM.dir/Drivers/STM32F4xx_HAL_Driver/Src/stm32f4xx_hal.c.obj
HAL_GetUIDw0                                      CMakeFiles/CubeCM.dir/Drivers/STM32F4xx_HAL_Driver/Src/stm32f4xx_hal.c.obj
HAL_GetUIDw1                                      CMakeFiles/CubeCM.dir/Drivers/STM32F4xx_HAL_Driver/Src/stm32f4xx_hal.c.obj
HAL_GetUIDw2                                      CMakeFiles/CubeCM.dir/Drivers/STM32F4xx_HAL_Driver/Src/stm32f4xx_hal.c.obj
HAL_HalfDuplex_EnableReceiver                     CMakeFiles/CubeCM.dir/Drivers/STM32F4xx_HAL_Driver/Src/stm32f4xx_hal_uart.c.obj
HAL_HalfDuplex_EnableTransmitter                  CMakeFiles/CubeCM.dir/Drivers/STM32F4xx_HAL_Driver/Src/stm32f4xx_hal_uart.c.obj
HAL_HalfDuplex_Init                               CMakeFiles/CubeCM.dir/Drivers/STM32F4xx_HAL_Driver/Src/stm32f4xx_hal_uart.c.obj
HAL_IncTick                                       CMakeFiles/CubeCM.dir/Drivers/STM32F4xx_HAL_Driver/Src/stm32f4xx_hal.c.obj
                                                  CMakeFiles/CubeCM.dir/Core/Src/stm32f4xx_it.c.obj
HAL_Init                                          CMakeFiles/CubeCM.dir/Drivers/STM32F4xx_HAL_Driver/Src/stm32f4xx_hal.c.obj
                                                  CMakeFiles/CubeCM.dir/Core/Src/main.c.obj
HAL_InitTick                                      CMakeFiles/CubeCM.dir/Drivers/STM32F4xx_HAL_Driver/Src/stm32f4xx_hal.c.obj
                                                  CMakeFiles/CubeCM.dir/Drivers/STM32F4xx_HAL_Driver/Src/stm32f4xx_hal_rcc_ex.c.obj
                                                  CMakeFiles/CubeCM.dir/Drivers/STM32F4xx_HAL_Driver/Src/stm32f4xx_hal_rcc.c.obj
HAL_LIN_Init                                      CMakeFiles/CubeCM.dir/Drivers/STM32F4xx_HAL_Driver/Src/stm32f4xx_hal_uart.c.obj
HAL_LIN_SendBreak                                 CMakeFiles/CubeCM.dir/Drivers/STM32F4xx_HAL_Driver/Src/stm32f4xx_hal_uart.c.obj
HAL_MPU_ConfigRegion                              CMakeFiles/CubeCM.dir/Drivers/STM32F4xx_HAL_Driver/Src/stm32f4xx_hal_cortex.c.obj
HAL_MPU_Disable                                   CMakeFiles/CubeCM.dir/Drivers/STM32F4xx_HAL_Driver/Src/stm32f4xx_hal_cortex.c.obj
HAL_MPU_Enable                                    CMakeFiles/CubeCM.dir/Drivers/STM32F4xx_HAL_Driver/Src/stm32f4xx_hal_cortex.c.obj
HAL_MspDeInit                                     CMakeFiles/CubeCM.dir/Drivers/STM32F4xx_HAL_Driver/Src/stm32f4xx_hal.c.obj
HAL_MspInit                                       CMakeFiles/CubeCM.dir/Core/Src/stm32f4xx_hal_msp.c.obj
                                                  CMakeFiles/CubeCM.dir/Drivers/STM32F4xx_HAL_Driver/Src/stm32f4xx_hal.c.obj
HAL_MultiProcessor_EnterMuteMode                  CMakeFiles/CubeCM.dir/Drivers/STM32F4xx_HAL_Driver/Src/stm32f4xx_hal_uart.c.obj
HAL_MultiProcessor_ExitMuteMode                   CMakeFiles/CubeCM.dir/Drivers/STM32F4xx_HAL_Driver/Src/stm32f4xx_hal_uart.c.obj
HAL_MultiProcessor_Init                           CMakeFiles/CubeCM.dir/Drivers/STM32F4xx_HAL_Driver/Src/stm32f4xx_hal_uart.c.obj
HAL_NVIC_ClearPendingIRQ                          CMakeFiles/CubeCM.dir/Drivers/STM32F4xx_HAL_Driver/Src/stm32f4xx_hal_cortex.c.obj
HAL_NVIC_DisableIRQ                               CMakeFiles/CubeCM.dir/Drivers/STM32F4xx_HAL_Driver/Src/stm32f4xx_hal_cortex.c.obj
HAL_NVIC_EnableIRQ                                CMakeFiles/CubeCM.dir/Drivers/STM32F4xx_HAL_Driver/Src/stm32f4xx_hal_cortex.c.obj
HAL_NVIC_GetActive                                CMakeFiles/CubeCM.dir/Drivers/STM32F4xx_HAL_Driver/Src/stm32f4xx_hal_cortex.c.obj
HAL_NVIC_GetPendingIRQ                            CMakeFiles/CubeCM.dir/Drivers/STM32F4xx_HAL_Driver/Src/stm32f4xx_hal_cortex.c.obj
HAL_NVIC_GetPriority                              CMakeFiles/CubeCM.dir/Drivers/STM32F4xx_HAL_Driver/Src/stm32f4xx_hal_cortex.c.obj
HAL_NVIC_GetPriorityGrouping                      CMakeFiles/CubeCM.dir/Drivers/STM32F4xx_HAL_Driver/Src/stm32f4xx_hal_cortex.c.obj
HAL_NVIC_SetPendingIRQ                            CMakeFiles/CubeCM.dir/Drivers/STM32F4xx_HAL_Driver/Src/stm32f4xx_hal_cortex.c.obj
HAL_NVIC_SetPriority                              CMakeFiles/CubeCM.dir/Drivers/STM32F4xx_HAL_Driver/Src/stm32f4xx_hal_cortex.c.obj
                                                  CMakeFiles/CubeCM.dir/Drivers/STM32F4xx_HAL_Driver/Src/stm32f4xx_hal.c.obj
HAL_NVIC_SetPriorityGrouping                      CMakeFiles/CubeCM.dir/Drivers/STM32F4xx_HAL_Driver/Src/stm32f4xx_hal_cortex.c.obj
                                                  CMakeFiles/CubeCM.dir/Drivers/STM32F4xx_HAL_Driver/Src/stm32f4xx_hal.c.obj
HAL_NVIC_SystemReset                              CMakeFiles/CubeCM.dir/Drivers/STM32F4xx_HAL_Driver/Src/stm32f4xx_hal_cortex.c.obj
HAL_PCDEx_ActivateBCD                             CMakeFiles/CubeCM.dir/Drivers/STM32F4xx_HAL_Driver/Src/stm32f4xx_hal_pcd_ex.c.obj
HAL_PCDEx_ActivateLPM                             CMakeFiles/CubeCM.dir/Drivers/STM32F4xx_HAL_Driver/Src/stm32f4xx_hal_pcd_ex.c.obj
                                                  CMakeFiles/CubeCM.dir/Drivers/STM32F4xx_HAL_Driver/Src/stm32f4xx_hal_pcd.c.obj
HAL_PCDEx_BCD_Callback                            CMakeFiles/CubeCM.dir/Drivers/STM32F4xx_HAL_Driver/Src/stm32f4xx_hal_pcd_ex.c.obj
HAL_PCDEx_BCD_VBUSDetect                          CMakeFiles/CubeCM.dir/Drivers/STM32F4xx_HAL_Driver/Src/stm32f4xx_hal_pcd_ex.c.obj
HAL_PCDEx_DeActivateBCD                           CMakeFiles/CubeCM.dir/Drivers/STM32F4xx_HAL_Driver/Src/stm32f4xx_hal_pcd_ex.c.obj
HAL_PCDEx_DeActivateLPM                           CMakeFiles/CubeCM.dir/Drivers/STM32F4xx_HAL_Driver/Src/stm32f4xx_hal_pcd_ex.c.obj
HAL_PCDEx_LPM_Callback                            CMakeFiles/CubeCM.dir/Drivers/STM32F4xx_HAL_Driver/Src/stm32f4xx_hal_pcd_ex.c.obj
                                                  CMakeFiles/CubeCM.dir/Drivers/STM32F4xx_HAL_Driver/Src/stm32f4xx_hal_pcd.c.obj
HAL_PCDEx_SetRxFiFo                               CMakeFiles/CubeCM.dir/Drivers/STM32F4xx_HAL_Driver/Src/stm32f4xx_hal_pcd_ex.c.obj
HAL_PCDEx_SetTxFiFo                               CMakeFiles/CubeCM.dir/Drivers/STM32F4xx_HAL_Driver/Src/stm32f4xx_hal_pcd_ex.c.obj
HAL_PCD_ActivateRemoteWakeup                      CMakeFiles/CubeCM.dir/Drivers/STM32F4xx_HAL_Driver/Src/stm32f4xx_hal_pcd.c.obj
HAL_PCD_ConnectCallback                           CMakeFiles/CubeCM.dir/Drivers/STM32F4xx_HAL_Driver/Src/stm32f4xx_hal_pcd.c.obj
HAL_PCD_DataInStageCallback                       CMakeFiles/CubeCM.dir/Drivers/STM32F4xx_HAL_Driver/Src/stm32f4xx_hal_pcd.c.obj
HAL_PCD_DataOutStageCallback                      CMakeFiles/CubeCM.dir/Drivers/STM32F4xx_HAL_Driver/Src/stm32f4xx_hal_pcd.c.obj
HAL_PCD_DeActivateRemoteWakeup                    CMakeFiles/CubeCM.dir/Drivers/STM32F4xx_HAL_Driver/Src/stm32f4xx_hal_pcd.c.obj
HAL_PCD_DeInit                                    CMakeFiles/CubeCM.dir/Drivers/STM32F4xx_HAL_Driver/Src/stm32f4xx_hal_pcd.c.obj
HAL_PCD_DevConnect                                CMakeFiles/CubeCM.dir/Drivers/STM32F4xx_HAL_Driver/Src/stm32f4xx_hal_pcd.c.obj
HAL_PCD_DevDisconnect                             CMakeFiles/CubeCM.dir/Drivers/STM32F4xx_HAL_Driver/Src/stm32f4xx_hal_pcd.c.obj
HAL_PCD_DisconnectCallback                        CMakeFiles/CubeCM.dir/Drivers/STM32F4xx_HAL_Driver/Src/stm32f4xx_hal_pcd.c.obj
HAL_PCD_EP_Close                                  CMakeFiles/CubeCM.dir/Drivers/STM32F4xx_HAL_Driver/Src/stm32f4xx_hal_pcd.c.obj
HAL_PCD_EP_ClrStall                               CMakeFiles/CubeCM.dir/Drivers/STM32F4xx_HAL_Driver/Src/stm32f4xx_hal_pcd.c.obj
HAL_PCD_EP_Flush                                  CMakeFiles/CubeCM.dir/Drivers/STM32F4xx_HAL_Driver/Src/stm32f4xx_hal_pcd.c.obj
HAL_PCD_EP_GetRxCount                             CMakeFiles/CubeCM.dir/Drivers/STM32F4xx_HAL_Driver/Src/stm32f4xx_hal_pcd.c.obj
HAL_PCD_EP_Open                                   CMakeFiles/CubeCM.dir/Drivers/STM32F4xx_HAL_Driver/Src/stm32f4xx_hal_pcd.c.obj
HAL_PCD_EP_Receive                                CMakeFiles/CubeCM.dir/Drivers/STM32F4xx_HAL_Driver/Src/stm32f4xx_hal_pcd.c.obj
HAL_PCD_EP_SetStall                               CMakeFiles/CubeCM.dir/Drivers/STM32F4xx_HAL_Driver/Src/stm32f4xx_hal_pcd.c.obj
HAL_PCD_EP_Transmit                               CMakeFiles/CubeCM.dir/Drivers/STM32F4xx_HAL_Driver/Src/stm32f4xx_hal_pcd.c.obj
HAL_PCD_GetState                                  CMakeFiles/CubeCM.dir/Drivers/STM32F4xx_HAL_Driver/Src/stm32f4xx_hal_pcd.c.obj
HAL_PCD_IRQHandler                                CMakeFiles/CubeCM.dir/Drivers/STM32F4xx_HAL_Driver/Src/stm32f4xx_hal_pcd.c.obj
HAL_PCD_ISOINIncompleteCallback                   CMakeFiles/CubeCM.dir/Drivers/STM32F4xx_HAL_Driver/Src/stm32f4xx_hal_pcd.c.obj
HAL_PCD_ISOOUTIncompleteCallback                  CMakeFiles/CubeCM.dir/Drivers/STM32F4xx_HAL_Driver/Src/stm32f4xx_hal_pcd.c.obj
HAL_PCD_Init                                      CMakeFiles/CubeCM.dir/Drivers/STM32F4xx_HAL_Driver/Src/stm32f4xx_hal_pcd.c.obj
                                                  CMakeFiles/CubeCM.dir/Core/Src/main.c.obj
HAL_PCD_MspDeInit                                 CMakeFiles/CubeCM.dir/Core/Src/stm32f4xx_hal_msp.c.obj
                                                  CMakeFiles/CubeCM.dir/Drivers/STM32F4xx_HAL_Driver/Src/stm32f4xx_hal_pcd.c.obj
HAL_PCD_MspInit                                   CMakeFiles/CubeCM.dir/Core/Src/stm32f4xx_hal_msp.c.obj
                                                  CMakeFiles/CubeCM.dir/Drivers/STM32F4xx_HAL_Driver/Src/stm32f4xx_hal_pcd.c.obj
HAL_PCD_ResetCallback                             CMakeFiles/CubeCM.dir/Drivers/STM32F4xx_HAL_Driver/Src/stm32f4xx_hal_pcd.c.obj
HAL_PCD_ResumeCallback                            CMakeFiles/CubeCM.dir/Drivers/STM32F4xx_HAL_Driver/Src/stm32f4xx_hal_pcd.c.obj
HAL_PCD_SOFCallback                               CMakeFiles/CubeCM.dir/Drivers/STM32F4xx_HAL_Driver/Src/stm32f4xx_hal_pcd.c.obj
HAL_PCD_SetAddress                                CMakeFiles/CubeCM.dir/Drivers/STM32F4xx_HAL_Driver/Src/stm32f4xx_hal_pcd.c.obj
HAL_PCD_SetupStageCallback                        CMakeFiles/CubeCM.dir/Drivers/STM32F4xx_HAL_Driver/Src/stm32f4xx_hal_pcd.c.obj
HAL_PCD_Start                                     CMakeFiles/CubeCM.dir/Drivers/STM32F4xx_HAL_Driver/Src/stm32f4xx_hal_pcd.c.obj
HAL_PCD_Stop                                      CMakeFiles/CubeCM.dir/Drivers/STM32F4xx_HAL_Driver/Src/stm32f4xx_hal_pcd.c.obj
HAL_PCD_SuspendCallback                           CMakeFiles/CubeCM.dir/Drivers/STM32F4xx_HAL_Driver/Src/stm32f4xx_hal_pcd.c.obj
HAL_PCD_WKUP_IRQHandler                           CMakeFiles/CubeCM.dir/Drivers/STM32F4xx_HAL_Driver/Src/stm32f4xx_hal_pcd.c.obj
HAL_PWREx_ControlVoltageScaling                   CMakeFiles/CubeCM.dir/Drivers/STM32F4xx_HAL_Driver/Src/stm32f4xx_hal_pwr_ex.c.obj
HAL_PWREx_DisableBkUpReg                          CMakeFiles/CubeCM.dir/Drivers/STM32F4xx_HAL_Driver/Src/stm32f4xx_hal_pwr_ex.c.obj
HAL_PWREx_DisableFlashPowerDown                   CMakeFiles/CubeCM.dir/Drivers/STM32F4xx_HAL_Driver/Src/stm32f4xx_hal_pwr_ex.c.obj
HAL_PWREx_DisableLowRegulatorLowVoltage           CMakeFiles/CubeCM.dir/Drivers/STM32F4xx_HAL_Driver/Src/stm32f4xx_hal_pwr_ex.c.obj
HAL_PWREx_DisableMainRegulatorLowVoltage          CMakeFiles/CubeCM.dir/Drivers/STM32F4xx_HAL_Driver/Src/stm32f4xx_hal_pwr_ex.c.obj
HAL_PWREx_EnableBkUpReg                           CMakeFiles/CubeCM.dir/Drivers/STM32F4xx_HAL_Driver/Src/stm32f4xx_hal_pwr_ex.c.obj
HAL_PWREx_EnableFlashPowerDown                    CMakeFiles/CubeCM.dir/Drivers/STM32F4xx_HAL_Driver/Src/stm32f4xx_hal_pwr_ex.c.obj
HAL_PWREx_EnableLowRegulatorLowVoltage            CMakeFiles/CubeCM.dir/Drivers/STM32F4xx_HAL_Driver/Src/stm32f4xx_hal_pwr_ex.c.obj
HAL_PWREx_EnableMainRegulatorLowVoltage           CMakeFiles/CubeCM.dir/Drivers/STM32F4xx_HAL_Driver/Src/stm32f4xx_hal_pwr_ex.c.obj
HAL_PWREx_GetVoltageRange                         CMakeFiles/CubeCM.dir/Drivers/STM32F4xx_HAL_Driver/Src/stm32f4xx_hal_pwr_ex.c.obj
HAL_PWR_ConfigPVD                                 CMakeFiles/CubeCM.dir/Drivers/STM32F4xx_HAL_Driver/Src/stm32f4xx_hal_pwr.c.obj
HAL_PWR_DeInit                                    CMakeFiles/CubeCM.dir/Drivers/STM32F4xx_HAL_Driver/Src/stm32f4xx_hal_pwr.c.obj
HAL_PWR_DisableBkUpAccess                         CMakeFiles/CubeCM.dir/Drivers/STM32F4xx_HAL_Driver/Src/stm32f4xx_hal_pwr.c.obj
HAL_PWR_DisablePVD                                CMakeFiles/CubeCM.dir/Drivers/STM32F4xx_HAL_Driver/Src/stm32f4xx_hal_pwr.c.obj
HAL_PWR_DisableSEVOnPend                          CMakeFiles/CubeCM.dir/Drivers/STM32F4xx_HAL_Driver/Src/stm32f4xx_hal_pwr.c.obj
HAL_PWR_DisableSleepOnExit                        CMakeFiles/CubeCM.dir/Drivers/STM32F4xx_HAL_Driver/Src/stm32f4xx_hal_pwr.c.obj
HAL_PWR_DisableWakeUpPin                          CMakeFiles/CubeCM.dir/Drivers/STM32F4xx_HAL_Driver/Src/stm32f4xx_hal_pwr.c.obj
HAL_PWR_EnableBkUpAccess                          CMakeFiles/CubeCM.dir/Drivers/STM32F4xx_HAL_Driver/Src/stm32f4xx_hal_pwr.c.obj
HAL_PWR_EnablePVD                                 CMakeFiles/CubeCM.dir/Drivers/STM32F4xx_HAL_Driver/Src/stm32f4xx_hal_pwr.c.obj
HAL_PWR_EnableSEVOnPend                           CMakeFiles/CubeCM.dir/Drivers/STM32F4xx_HAL_Driver/Src/stm32f4xx_hal_pwr.c.obj
HAL_PWR_EnableSleepOnExit                         CMakeFiles/CubeCM.dir/Drivers/STM32F4xx_HAL_Driver/Src/stm32f4xx_hal_pwr.c.obj
HAL_PWR_EnableWakeUpPin                           CMakeFiles/CubeCM.dir/Drivers/STM32F4xx_HAL_Driver/Src/stm32f4xx_hal_pwr.c.obj
HAL_PWR_EnterSLEEPMode                            CMakeFiles/CubeCM.dir/Drivers/STM32F4xx_HAL_Driver/Src/stm32f4xx_hal_pwr.c.obj
HAL_PWR_EnterSTANDBYMode                          CMakeFiles/CubeCM.dir/Drivers/STM32F4xx_HAL_Driver/Src/stm32f4xx_hal_pwr.c.obj
HAL_PWR_EnterSTOPMode                             CMakeFiles/CubeCM.dir/Drivers/STM32F4xx_HAL_Driver/Src/stm32f4xx_hal_pwr.c.obj
HAL_PWR_PVDCallback                               CMakeFiles/CubeCM.dir/Drivers/STM32F4xx_HAL_Driver/Src/stm32f4xx_hal_pwr.c.obj
HAL_PWR_PVD_IRQHandler                            CMakeFiles/CubeCM.dir/Drivers/STM32F4xx_HAL_Driver/Src/stm32f4xx_hal_pwr.c.obj
HAL_RCCEx_DisablePLLI2S                           CMakeFiles/CubeCM.dir/Drivers/STM32F4xx_HAL_Driver/Src/stm32f4xx_hal_rcc_ex.c.obj
HAL_RCCEx_EnablePLLI2S                            CMakeFiles/CubeCM.dir/Drivers/STM32F4xx_HAL_Driver/Src/stm32f4xx_hal_rcc_ex.c.obj
HAL_RCCEx_GetPeriphCLKConfig                      CMakeFiles/CubeCM.dir/Drivers/STM32F4xx_HAL_Driver/Src/stm32f4xx_hal_rcc_ex.c.obj
HAL_RCCEx_GetPeriphCLKFreq                        CMakeFiles/CubeCM.dir/Drivers/STM32F4xx_HAL_Driver/Src/stm32f4xx_hal_rcc_ex.c.obj
HAL_RCCEx_PeriphCLKConfig                         CMakeFiles/CubeCM.dir/Drivers/STM32F4xx_HAL_Driver/Src/stm32f4xx_hal_rcc_ex.c.obj
                                                  CMakeFiles/CubeCM.dir/Core/Src/stm32f4xx_hal_msp.c.obj
HAL_RCCEx_SelectLSEMode                           CMakeFiles/CubeCM.dir/Drivers/STM32F4xx_HAL_Driver/Src/stm32f4xx_hal_rcc_ex.c.obj
HAL_RCC_CSSCallback                               CMakeFiles/CubeCM.dir/Drivers/STM32F4xx_HAL_Driver/Src/stm32f4xx_hal_rcc.c.obj
HAL_RCC_ClockConfig                               CMakeFiles/CubeCM.dir/Drivers/STM32F4xx_HAL_Driver/Src/stm32f4xx_hal_rcc.c.obj
                                                  CMakeFiles/CubeCM.dir/Core/Src/main.c.obj
HAL_RCC_DeInit                                    CMakeFiles/CubeCM.dir/Drivers/STM32F4xx_HAL_Driver/Src/stm32f4xx_hal_rcc_ex.c.obj
                                                  CMakeFiles/CubeCM.dir/Drivers/STM32F4xx_HAL_Driver/Src/stm32f4xx_hal_rcc.c.obj
HAL_RCC_DisableCSS                                CMakeFiles/CubeCM.dir/Drivers/STM32F4xx_HAL_Driver/Src/stm32f4xx_hal_rcc.c.obj
HAL_RCC_EnableCSS                                 CMakeFiles/CubeCM.dir/Drivers/STM32F4xx_HAL_Driver/Src/stm32f4xx_hal_rcc.c.obj
HAL_RCC_GetClockConfig                            CMakeFiles/CubeCM.dir/Drivers/STM32F4xx_HAL_Driver/Src/stm32f4xx_hal_rcc.c.obj
HAL_RCC_GetHCLKFreq                               CMakeFiles/CubeCM.dir/Drivers/STM32F4xx_HAL_Driver/Src/stm32f4xx_hal_rcc.c.obj
                                                  CMakeFiles/CubeCM.dir/Drivers/STM32F4xx_HAL_Driver/Src/stm32f4xx_hal_pcd.c.obj
HAL_RCC_GetOscConfig                              CMakeFiles/CubeCM.dir/Drivers/STM32F4xx_HAL_Driver/Src/stm32f4xx_hal_rcc_ex.c.obj
                                                  CMakeFiles/CubeCM.dir/Drivers/STM32F4xx_HAL_Driver/Src/stm32f4xx_hal_rcc.c.obj
HAL_RCC_GetPCLK1Freq                              CMakeFiles/CubeCM.dir/Drivers/STM32F4xx_HAL_Driver/Src/stm32f4xx_hal_rcc.c.obj
                                                  CMakeFiles/CubeCM.dir/Drivers/STM32F4xx_HAL_Driver/Src/stm32f4xx_hal_uart.c.obj
HAL_RCC_GetPCLK2Freq                              CMakeFiles/CubeCM.dir/Drivers/STM32F4xx_HAL_Driver/Src/stm32f4xx_hal_rcc.c.obj
                                                  CMakeFiles/CubeCM.dir/Drivers/STM32F4xx_HAL_Driver/Src/stm32f4xx_hal_uart.c.obj
HAL_RCC_GetSysClockFreq                           CMakeFiles/CubeCM.dir/Drivers/STM32F4xx_HAL_Driver/Src/stm32f4xx_hal_rcc.c.obj
HAL_RCC_MCOConfig                                 CMakeFiles/CubeCM.dir/Drivers/STM32F4xx_HAL_Driver/Src/stm32f4xx_hal_rcc.c.obj
HAL_RCC_NMI_IRQHandler                            CMakeFiles/CubeCM.dir/Drivers/STM32F4xx_HAL_Driver/Src/stm32f4xx_hal_rcc.c.obj
HAL_RCC_OscConfig                                 CMakeFiles/CubeCM.dir/Drivers/STM32F4xx_HAL_Driver/Src/stm32f4xx_hal_rcc_ex.c.obj
                                                  CMakeFiles/CubeCM.dir/Drivers/STM32F4xx_HAL_Driver/Src/stm32f4xx_hal_rcc.c.obj
                                                  CMakeFiles/CubeCM.dir/Core/Src/main.c.obj
HAL_ResumeTick                                    CMakeFiles/CubeCM.dir/Drivers/STM32F4xx_HAL_Driver/Src/stm32f4xx_hal.c.obj
HAL_SYSTICK_CLKSourceConfig                       CMakeFiles/CubeCM.dir/Drivers/STM32F4xx_HAL_Driver/Src/stm32f4xx_hal_cortex.c.obj
HAL_SYSTICK_Callback                              CMakeFiles/CubeCM.dir/Drivers/STM32F4xx_HAL_Driver/Src/stm32f4xx_hal_cortex.c.obj
HAL_SYSTICK_Config                                CMakeFiles/CubeCM.dir/Drivers/STM32F4xx_HAL_Driver/Src/stm32f4xx_hal_cortex.c.obj
                                                  CMakeFiles/CubeCM.dir/Drivers/STM32F4xx_HAL_Driver/Src/stm32f4xx_hal.c.obj
HAL_SYSTICK_IRQHandler                            CMakeFiles/CubeCM.dir/Drivers/STM32F4xx_HAL_Driver/Src/stm32f4xx_hal_cortex.c.obj
HAL_SetTickFreq                                   CMakeFiles/CubeCM.dir/Drivers/STM32F4xx_HAL_Driver/Src/stm32f4xx_hal.c.obj
HAL_SuspendTick                                   CMakeFiles/CubeCM.dir/Drivers/STM32F4xx_HAL_Driver/Src/stm32f4xx_hal.c.obj
HAL_UARTEx_ReceiveToIdle                          CMakeFiles/CubeCM.dir/Drivers/STM32F4xx_HAL_Driver/Src/stm32f4xx_hal_uart.c.obj
HAL_UARTEx_ReceiveToIdle_DMA                      CMakeFiles/CubeCM.dir/Drivers/STM32F4xx_HAL_Driver/Src/stm32f4xx_hal_uart.c.obj
HAL_UARTEx_ReceiveToIdle_IT                       CMakeFiles/CubeCM.dir/Drivers/STM32F4xx_HAL_Driver/Src/stm32f4xx_hal_uart.c.obj
HAL_UARTEx_RxEventCallback                        CMakeFiles/CubeCM.dir/Drivers/STM32F4xx_HAL_Driver/Src/stm32f4xx_hal_uart.c.obj
HAL_UART_Abort                                    CMakeFiles/CubeCM.dir/Drivers/STM32F4xx_HAL_Driver/Src/stm32f4xx_hal_uart.c.obj
HAL_UART_AbortCpltCallback                        CMakeFiles/CubeCM.dir/Drivers/STM32F4xx_HAL_Driver/Src/stm32f4xx_hal_uart.c.obj
HAL_UART_AbortReceive                             CMakeFiles/CubeCM.dir/Drivers/STM32F4xx_HAL_Driver/Src/stm32f4xx_hal_uart.c.obj
HAL_UART_AbortReceiveCpltCallback                 CMakeFiles/CubeCM.dir/Drivers/STM32F4xx_HAL_Driver/Src/stm32f4xx_hal_uart.c.obj
HAL_UART_AbortReceive_IT                          CMakeFiles/CubeCM.dir/Drivers/STM32F4xx_HAL_Driver/Src/stm32f4xx_hal_uart.c.obj
HAL_UART_AbortTransmit                            CMakeFiles/CubeCM.dir/Drivers/STM32F4xx_HAL_Driver/Src/stm32f4xx_hal_uart.c.obj
HAL_UART_AbortTransmitCpltCallback                CMakeFiles/CubeCM.dir/Drivers/STM32F4xx_HAL_Driver/Src/stm32f4xx_hal_uart.c.obj
HAL_UART_AbortTransmit_IT                         CMakeFiles/CubeCM.dir/Drivers/STM32F4xx_HAL_Driver/Src/stm32f4xx_hal_uart.c.obj
HAL_UART_Abort_IT                                 CMakeFiles/CubeCM.dir/Drivers/STM32F4xx_HAL_Driver/Src/stm32f4xx_hal_uart.c.obj
HAL_UART_DMAPause                                 CMakeFiles/CubeCM.dir/Drivers/STM32F4xx_HAL_Driver/Src/stm32f4xx_hal_uart.c.obj
HAL_UART_DMAResume                                CMakeFiles/CubeCM.dir/Drivers/STM32F4xx_HAL_Driver/Src/stm32f4xx_hal_uart.c.obj
HAL_UART_DMAStop                                  CMakeFiles/CubeCM.dir/Drivers/STM32F4xx_HAL_Driver/Src/stm32f4xx_hal_uart.c.obj
HAL_UART_DeInit                                   CMakeFiles/CubeCM.dir/Drivers/STM32F4xx_HAL_Driver/Src/stm32f4xx_hal_uart.c.obj
HAL_UART_ErrorCallback                            CMakeFiles/CubeCM.dir/Drivers/STM32F4xx_HAL_Driver/Src/stm32f4xx_hal_uart.c.obj
HAL_UART_GetError                                 CMakeFiles/CubeCM.dir/Drivers/STM32F4xx_HAL_Driver/Src/stm32f4xx_hal_uart.c.obj
HAL_UART_GetState                                 CMakeFiles/CubeCM.dir/Drivers/STM32F4xx_HAL_Driver/Src/stm32f4xx_hal_uart.c.obj
HAL_UART_IRQHandler                               CMakeFiles/CubeCM.dir/Drivers/STM32F4xx_HAL_Driver/Src/stm32f4xx_hal_uart.c.obj
HAL_UART_Init                                     CMakeFiles/CubeCM.dir/Drivers/STM32F4xx_HAL_Driver/Src/stm32f4xx_hal_uart.c.obj
                                                  CMakeFiles/CubeCM.dir/Core/Src/main.c.obj
HAL_UART_MspDeInit                                CMakeFiles/CubeCM.dir/Core/Src/stm32f4xx_hal_msp.c.obj
                                                  CMakeFiles/CubeCM.dir/Drivers/STM32F4xx_HAL_Driver/Src/stm32f4xx_hal_uart.c.obj
HAL_UART_MspInit                                  CMakeFiles/CubeCM.dir/Core/Src/stm32f4xx_hal_msp.c.obj
                                                  CMakeFiles/CubeCM.dir/Drivers/STM32F4xx_HAL_Driver/Src/stm32f4xx_hal_uart.c.obj
HAL_UART_Receive                                  CMakeFiles/CubeCM.dir/Drivers/STM32F4xx_HAL_Driver/Src/stm32f4xx_hal_uart.c.obj
HAL_UART_Receive_DMA                              CMakeFiles/CubeCM.dir/Drivers/STM32F4xx_HAL_Driver/Src/stm32f4xx_hal_uart.c.obj
HAL_UART_Receive_IT                               CMakeFiles/CubeCM.dir/Drivers/STM32F4xx_HAL_Driver/Src/stm32f4xx_hal_uart.c.obj
HAL_UART_RxCpltCallback                           CMakeFiles/CubeCM.dir/Drivers/STM32F4xx_HAL_Driver/Src/stm32f4xx_hal_uart.c.obj
HAL_UART_RxHalfCpltCallback                       CMakeFiles/CubeCM.dir/Drivers/STM32F4xx_HAL_Driver/Src/stm32f4xx_hal_uart.c.obj
HAL_UART_Transmit                                 CMakeFiles/CubeCM.dir/Drivers/STM32F4xx_HAL_Driver/Src/stm32f4xx_hal_uart.c.obj
HAL_UART_Transmit_DMA                             CMakeFiles/CubeCM.dir/Drivers/STM32F4xx_HAL_Driver/Src/stm32f4xx_hal_uart.c.obj